2026-09-22T11:30:54.894Z	info	isupipe-benchmarker	SSL接続が有効になっています
2026-09-22T11:30:54.894Z	info	isupipe-benchmarker	静的ファイルチェックを行います
2026-09-22T11:30:54.894Z	info	isupipe-benchmarker	静的ファイルチェックが完了しました
2026-09-22T11:30:54.894Z	info	isupipe-benchmarker	webappの初期化を行います
2026-09-22T11:30:57.616Z	info	isupipe-benchmarker	ベンチマーク走行前のデータ整合性チェックを行います
2026-09-22T11:31:01.957Z	info	isupipe-benchmarker	整合性チェックが成功しました
2026-09-22T11:31:01.957Z	info	isupipe-benchmarker	ベンチマーク走行を開始します
2026-09-22T11:31:03.966Z	info	isupipe-benchmarker	DNS水責め負荷が上昇します	{"parallelis": 3}
2026-09-22T11:31:05.966Z	info	isupipe-benchmarker	DNS水責め負荷が上昇します	{"parallelis": 4}
2026-09-22T11:31:07.966Z	info	isupipe-benchmarker	DNS水責め負荷が上昇します	{"parallelis": 6}
2026-09-22T11:31:09.966Z	info	isupipe-benchmarker	DNS水責め負荷が上昇します	{"parallelis": 9}
2026-09-22T11:31:10.846Z	warn	isupipe-benchmarker	ライブコメントを配信に投稿できないため、視聴者が離脱します	{"viewer": "likeda1", "livestream_id": 7705, "error": "benchmark-application: [一般エラー] POST /api/livestream/7705/livecomment へのリクエストに対して、期待されたHTTPステータスコードが確認できませんでした (expected:201, actual:400)"}
2026-09-22T11:31:11.966Z	info	isupipe-benchmarker	DNS水責め負荷が上昇します	{"parallelis": 13}
2026-09-22T11:31:13.966Z	info	isupipe-benchmarker	DNS水責め負荷が上昇します	{"parallelis": 15}
2026-09-22T11:32:01.959Z	info	isupipe-benchmarker	ベンチマーク走行を停止します
2026-09-22T11:32:01.960Z	warn	isupipe-benchmarker	ライブコメントを配信に投稿できないため、視聴者が離脱します	{"viewer": "yukimiura0", "livestream_id": 8603, "error": "ベンチマーク走行が継続できないエラーが発生しました"}
2026-09-22T11:32:01.961Z	warn	isupipe-benchmarker	ライブコメントを配信に投稿できないため、視聴者が離脱します	{"viewer": "otananami0", "livestream_id": 7853, "error": "ベンチマーク走行が継続できないエラーが発生しました"}
2026-09-22T11:32:01.961Z	warn	isupipe-benchmarker	ライブコメントを配信に投稿できないため、視聴者が離脱します	{"viewer": "kimuraasuka1", "livestream_id": 7886, "error": "ベンチマーク走行が継続できないエラーが発生しました"}
2026-09-22T11:32:01.961Z	warn	isupipe-benchmarker	ライブコメントを配信に投稿できないため、視聴者が離脱します	{"viewer": "akemiyamada0", "livestream_id": 7712, "error": "ベンチマーク走行が継続できないエラーが発生しました"}
2026-09-22T11:32:01.961Z	warn	isupipe-benchmarker	ライブコメントを配信に投稿できないため、視聴者が離脱します	{"viewer": "hashimotorei0", "livestream_id": 8549, "error": "ベンチマーク走行が継続できないエラーが発生しました"}
2026-09-22T11:32:02.313Z	info	isupipe-benchmarker	ベンチマーク走行終了
2026-09-22T11:32:02.313Z	info	isupipe-benchmarker	最終チェックを実施します
2026-09-22T11:32:02.314Z	info	isupipe-benchmarker	最終チェックが成功しました
2026-09-22T11:32:02.314Z	info	isupipe-benchmarker	重複排除したログを以下に出力します
2026-09-22T11:32:02.321Z	info	isupipe-benchmarker	配信を最後まで視聴できた視聴者数	{"viewers": 3569}
