2026-09-22T11:33:05.694Z	info	isupipe-benchmarker	SSL接続が有効になっています
2026-09-22T11:33:05.694Z	info	isupipe-benchmarker	静的ファイルチェックを行います
2026-09-22T11:33:05.694Z	info	isupipe-benchmarker	静的ファイルチェックが完了しました
2026-09-22T11:33:05.694Z	info	isupipe-benchmarker	webappの初期化を行います
2026-09-22T11:33:08.549Z	info	isupipe-benchmarker	ベンチマーク走行前のデータ整合性チェックを行います
2026-09-22T11:33:12.901Z	info	isupipe-benchmarker	整合性チェックが成功しました
2026-09-22T11:33:12.902Z	info	isupipe-benchmarker	ベンチマーク走行を開始します
2026-09-22T11:33:14.911Z	info	isupipe-benchmarker	DNS水責め負荷が上昇します	{"parallelis": 3}
2026-09-22T11:33:16.911Z	info	isupipe-benchmarker	DNS水責め負荷が上昇します	{"parallelis": 4}
2026-09-22T11:33:18.911Z	info	isupipe-benchmarker	DNS水責め負荷が上昇します	{"parallelis": 6}
2026-09-22T11:33:20.911Z	info	isupipe-benchmarker	DNS水責め負荷が上昇します	{"parallelis": 9}
2026-09-22T11:33:22.911Z	info	isupipe-benchmarker	DNS水責め負荷が上昇します	{"parallelis": 13}
2026-09-22T11:33:24.911Z	info	isupipe-benchmarker	DNS水責め負荷が上昇します	{"parallelis": 15}
2026-09-22T11:34:12.903Z	info	isupipe-benchmarker	ベンチマーク走行を停止します
2026-09-22T11:34:12.905Z	warn	isupipe-benchmarker	ライブコメントを配信に投稿できないため、視聴者が離脱します	{"viewer": "manabu200", "livestream_id": 8104, "error": "ベンチマーク走行が継続できないエラーが発生しました"}
2026-09-22T11:34:12.906Z	warn	isupipe-benchmarker	ライブコメントを配信に投稿できないため、視聴者が離脱します	{"viewer": "asuka470", "livestream_id": 8597, "error": "ベンチマーク走行が継続できないエラーが発生しました"}
2026-09-22T11:34:12.906Z	warn	isupipe-benchmarker	ライブコメントを配信に投稿できないため、視聴者が離脱します	{"viewer": "ksuzuki1", "livestream_id": 8590, "error": "ベンチマーク走行が継続できないエラーが発生しました"}
2026-09-22T11:34:12.908Z	warn	isupipe-benchmarker	ライブコメントを配信に投稿できないため、視聴者が離脱します	{"viewer": "mai480", "livestream_id": 7854, "error": "ベンチマーク走行が継続できないエラーが発生しました"}
2026-09-22T11:34:13.258Z	info	isupipe-benchmarker	ベンチマーク走行終了
2026-09-22T11:34:13.258Z	info	isupipe-benchmarker	最終チェックを実施します
2026-09-22T11:34:13.258Z	info	isupipe-benchmarker	最終チェックが成功しました
2026-09-22T11:34:13.258Z	info	isupipe-benchmarker	重複排除したログを以下に出力します
2026-09-22T11:34:13.265Z	info	isupipe-benchmarker	配信を最後まで視聴できた視聴者数	{"viewers": 3570}
