sudo: unable to resolve host ip-10-100-0-186: Name or service not known
sudo: unable to resolve host ip-10-100-0-186: Name or service not known
2026-09-22T08:29:10.491Z	info	isupipe-benchmarker	SSL接続が有効になっています
2026-09-22T08:29:10.491Z	info	isupipe-benchmarker	静的ファイルチェックを行います
2026-09-22T08:29:10.491Z	info	isupipe-benchmarker	静的ファイルチェックが完了しました
2026-09-22T08:29:10.491Z	info	isupipe-benchmarker	webappの初期化を行います
2026-09-22T08:29:10.491Z	info	staff-logger	bench/bench.go:172	SSL接続が有効になっています
2026-09-22T08:29:10.491Z	info	staff-logger	bench/bench.go:193	webapp: https://pipe.u.isucon.local:443
2026-09-22T08:29:10.491Z	info	staff-logger	bench/bench.go:194	nameserver: 10.100.0.155:53
2026-09-22T08:29:26.258Z	info	isupipe-benchmarker	ベンチマーク走行前のデータ整合性チェックを行います
2026-09-22T08:29:43.686Z	info	isupipe-benchmarker	整合性チェックが成功しました
2026-09-22T08:29:43.686Z	info	isupipe-benchmarker	ベンチマーク走行を開始します
2026-09-22T08:29:43.695Z	info	staff-logger	scenario/viewer.go:32	basic viewer scenario
2026-09-22T08:29:43.695Z	info	staff-logger	scenario/viewer.go:32	basic viewer scenario
2026-09-22T08:29:43.695Z	info	staff-logger	scenario/viewer.go:32	basic viewer scenario
2026-09-22T08:29:43.695Z	info	staff-logger	scenario/viewer.go:32	basic viewer scenario
2026-09-22T08:29:43.695Z	info	staff-logger	scenario/viewer.go:32	basic viewer scenario
2026-09-22T08:29:43.695Z	info	staff-logger	scenario/viewer.go:32	basic viewer scenario
2026-09-22T08:29:43.695Z	info	staff-logger	scenario/viewer.go:32	basic viewer scenario
2026-09-22T08:29:43.695Z	info	staff-logger	scenario/viewer.go:32	basic viewer scenario
2026-09-22T08:29:43.695Z	info	staff-logger	scenario/viewer.go:32	basic viewer scenario
2026-09-22T08:29:43.695Z	info	staff-logger	scenario/viewer.go:32	basic viewer scenario
2026-09-22T08:29:44.068Z	info	staff-logger	scenario/streamer.go:48	change icon
2026-09-22T08:29:44.130Z	info	staff-logger	scenario/viewer.go:56	visit top
2026-09-22T08:29:44.130Z	info	staff-logger	scenario/viewer.go:64	get livestream
2026-09-22T08:29:44.130Z	info	staff-logger	scenario/viewer.go:83	visit livestream
2026-09-22T08:29:44.176Z	info	staff-logger	scenario/viewer.go:56	visit top
2026-09-22T08:29:44.177Z	info	staff-logger	scenario/viewer.go:64	get livestream
2026-09-22T08:29:44.314Z	info	staff-logger	scenario/viewer.go:46	change icon
2026-09-22T08:29:44.318Z	info	staff-logger	scenario/viewer.go:83	visit livestream
2026-09-22T08:29:44.345Z	info	staff-logger	scenario/viewer.go:56	visit top
2026-09-22T08:29:44.509Z	info	staff-logger	scenario/viewer.go:56	visit top
2026-09-22T08:29:44.509Z	info	staff-logger	scenario/viewer.go:64	get livestream
2026-09-22T08:29:44.559Z	info	staff-logger	scenario/viewer.go:83	visit livestream
2026-09-22T08:29:44.687Z	info	staff-logger	scenario/viewer.go:56	visit top
2026-09-22T08:29:44.893Z	info	staff-logger	scenario/viewer.go:56	visit top
2026-09-22T08:29:44.893Z	info	staff-logger	scenario/viewer.go:64	get livestream
2026-09-22T08:29:44.906Z	info	staff-logger	scenario/viewer.go:83	visit livestream
2026-09-22T08:29:44.936Z	info	staff-logger	scenario/viewer.go:56	visit top
2026-09-22T08:29:44.936Z	info	staff-logger	scenario/viewer.go:32	basic viewer scenario
2026-09-22T08:29:45.055Z	info	staff-logger	scenario/viewer.go:56	visit top
2026-09-22T08:29:45.055Z	info	staff-logger	scenario/viewer.go:64	get livestream
2026-09-22T08:29:45.055Z	info	staff-logger	scenario/viewer.go:83	visit livestream
2026-09-22T08:29:45.231Z	info	staff-logger	scenario/streamer.go:48	change icon
2026-09-22T08:29:45.322Z	info	staff-logger	scenario/viewer.go:56	visit top
2026-09-22T08:29:45.322Z	info	staff-logger	scenario/viewer.go:64	get livestream
2026-09-22T08:29:45.322Z	info	staff-logger	scenario/viewer.go:83	visit livestream
2026-09-22T08:29:45.548Z	info	staff-logger	scenario/viewer.go:56	visit top
2026-09-22T08:29:45.548Z	info	staff-logger	scenario/viewer.go:64	get livestream
2026-09-22T08:29:45.548Z	info	staff-logger	scenario/viewer.go:83	visit livestream
2026-09-22T08:29:45.696Z	info	isupipe-benchmarker	DNS水責め負荷が上昇します	{"parallelis": 3}
2026-09-22T08:29:45.994Z	info	staff-logger	scenario/viewer.go:56	visit top
2026-09-22T08:29:45.994Z	info	staff-logger	scenario/viewer.go:64	get livestream
2026-09-22T08:29:45.994Z	info	staff-logger	scenario/viewer.go:83	visit livestream
2026-09-22T08:29:46.537Z	info	staff-logger	scenario/viewer.go:32	basic viewer scenario
2026-09-22T08:29:46.537Z	info	staff-logger	scenario/viewer.go:56	visit top
2026-09-22T08:29:46.537Z	info	staff-logger	scenario/viewer.go:64	get livestream
2026-09-22T08:29:46.537Z	info	staff-logger	scenario/viewer.go:83	visit livestream
2026-09-22T08:29:47.296Z	info	staff-logger	scenario/viewer.go:32	basic viewer scenario
2026-09-22T08:29:47.296Z	info	staff-logger	scenario/viewer.go:56	visit top
2026-09-22T08:29:47.296Z	info	staff-logger	scenario/viewer.go:64	get livestream
2026-09-22T08:29:47.296Z	info	staff-logger	scenario/viewer.go:83	visit livestream
2026-09-22T08:29:47.696Z	info	isupipe-benchmarker	DNS水責め負荷が上昇します	{"parallelis": 4}
2026-09-22T08:29:47.921Z	info	staff-logger	scenario/streamer.go:48	change icon
2026-09-22T08:29:52.440Z	info	staff-logger	scenario/streamer.go:48	change icon
2026-09-22T08:29:53.471Z	info	staff-logger	scenario/viewer.go:32	basic viewer scenario
2026-09-22T08:29:53.471Z	info	staff-logger	scenario/viewer.go:56	visit top
2026-09-22T08:29:53.471Z	info	staff-logger	scenario/viewer.go:64	get livestream
2026-09-22T08:29:53.471Z	info	staff-logger	scenario/viewer.go:83	visit livestream
2026-09-22T08:29:54.180Z	info	staff-logger	scenario/viewer.go:64	get livestream
2026-09-22T08:29:54.180Z	info	staff-logger	scenario/viewer.go:76	visit user profile
2026-09-22T08:29:54.998Z	info	staff-logger	scenario/viewer.go:32	basic viewer scenario
2026-09-22T08:29:54.998Z	info	staff-logger	scenario/viewer.go:56	visit top
2026-09-22T08:29:55.049Z	info	staff-logger	scenario/viewer.go:64	get livestream
2026-09-22T08:29:55.049Z	info	staff-logger	scenario/viewer.go:76	visit user profile
2026-09-22T08:29:56.579Z	info	staff-logger	scenario/streamer.go:48	change icon
2026-09-22T08:29:57.089Z	info	staff-logger	scenario/viewer.go:32	basic viewer scenario
2026-09-22T08:29:57.089Z	info	staff-logger	scenario/viewer.go:56	visit top
2026-09-22T08:29:57.089Z	info	staff-logger	scenario/viewer.go:64	get livestream
2026-09-22T08:29:57.089Z	info	staff-logger	scenario/viewer.go:83	visit livestream
2026-09-22T08:29:57.695Z	info	isupipe-benchmarker	DNS水責め負荷が上昇します	{"parallelis": 6}
2026-09-22T08:29:58.329Z	info	staff-logger	scenario/viewer.go:64	get livestream
2026-09-22T08:29:58.329Z	info	staff-logger	scenario/viewer.go:76	visit user profile
2026-09-22T08:29:58.561Z	info	staff-logger	scenario/viewer.go:32	basic viewer scenario
2026-09-22T08:29:58.561Z	info	staff-logger	scenario/viewer.go:56	visit top
2026-09-22T08:29:58.561Z	info	staff-logger	scenario/viewer.go:64	get livestream
2026-09-22T08:29:58.561Z	info	staff-logger	scenario/viewer.go:83	visit livestream
2026-09-22T08:30:02.824Z	info	staff-logger	scenario/streamer.go:48	change icon
2026-09-22T08:30:03.111Z	info	staff-logger	scenario/viewer.go:83	visit livestream
2026-09-22T08:30:03.493Z	info	staff-logger	scenario/viewer.go:32	basic viewer scenario
2026-09-22T08:30:03.493Z	info	staff-logger	scenario/viewer.go:56	visit top
2026-09-22T08:30:03.493Z	info	staff-logger	scenario/viewer.go:64	get livestream
2026-09-22T08:30:03.493Z	info	staff-logger	scenario/viewer.go:83	visit livestream
2026-09-22T08:30:04.299Z	info	staff-logger	scenario/viewer.go:83	visit livestream
2026-09-22T08:30:05.937Z	info	staff-logger	scenario/viewer.go:32	basic viewer scenario
2026-09-22T08:30:05.937Z	info	staff-logger	scenario/viewer.go:56	visit top
2026-09-22T08:30:05.937Z	info	staff-logger	scenario/viewer.go:64	get livestream
2026-09-22T08:30:05.937Z	info	staff-logger	scenario/viewer.go:83	visit livestream
2026-09-22T08:30:07.960Z	info	staff-logger	scenario/viewer.go:64	get livestream
2026-09-22T08:30:07.960Z	info	staff-logger	scenario/viewer.go:76	visit user profile
2026-09-22T08:30:07.992Z	info	staff-logger	scenario/viewer.go:83	visit livestream
2026-09-22T08:30:13.736Z	info	staff-logger	scenario/viewer.go:32	basic viewer scenario
2026-09-22T08:30:13.736Z	info	staff-logger	scenario/viewer.go:56	visit top
2026-09-22T08:30:13.736Z	info	staff-logger	scenario/viewer.go:64	get livestream
2026-09-22T08:30:13.736Z	info	staff-logger	scenario/viewer.go:83	visit livestream
2026-09-22T08:30:13.922Z	info	staff-logger	scenario/viewer.go:32	basic viewer scenario
2026-09-22T08:30:13.922Z	info	staff-logger	scenario/viewer.go:56	visit top
2026-09-22T08:30:14.420Z	info	staff-logger	scenario/viewer.go:32	basic viewer scenario
2026-09-22T08:30:14.420Z	info	staff-logger	scenario/viewer.go:56	visit top
2026-09-22T08:30:14.420Z	info	staff-logger	scenario/viewer.go:64	get livestream
2026-09-22T08:30:14.420Z	info	staff-logger	scenario/viewer.go:83	visit livestream
2026-09-22T08:30:15.852Z	info	staff-logger	scenario/viewer.go:32	basic viewer scenario
2026-09-22T08:30:15.853Z	info	staff-logger	scenario/viewer.go:56	visit top
2026-09-22T08:30:15.853Z	info	staff-logger	scenario/viewer.go:64	get livestream
2026-09-22T08:30:15.853Z	info	staff-logger	scenario/viewer.go:83	visit livestream
2026-09-22T08:30:15.962Z	info	staff-logger	scenario/viewer.go:32	basic viewer scenario
2026-09-22T08:30:15.962Z	info	staff-logger	scenario/viewer.go:56	visit top
2026-09-22T08:30:15.962Z	info	staff-logger	scenario/viewer.go:64	get livestream
2026-09-22T08:30:15.962Z	info	staff-logger	scenario/viewer.go:83	visit livestream
2026-09-22T08:30:17.766Z	info	staff-logger	scenario/viewer.go:32	basic viewer scenario
2026-09-22T08:30:17.766Z	info	staff-logger	scenario/viewer.go:56	visit top
2026-09-22T08:30:17.766Z	info	staff-logger	scenario/viewer.go:64	get livestream
2026-09-22T08:30:17.766Z	info	staff-logger	scenario/viewer.go:83	visit livestream
2026-09-22T08:30:18.471Z	info	staff-logger	scenario/viewer.go:83	visit livestream
2026-09-22T08:30:21.772Z	info	staff-logger	scenario/viewer.go:32	basic viewer scenario
2026-09-22T08:30:21.772Z	info	staff-logger	scenario/viewer.go:56	visit top
2026-09-22T08:30:21.772Z	info	staff-logger	scenario/viewer.go:64	get livestream
2026-09-22T08:30:21.772Z	info	staff-logger	scenario/viewer.go:83	visit livestream
2026-09-22T08:30:21.781Z	info	staff-logger	scenario/viewer.go:32	basic viewer scenario
2026-09-22T08:30:21.781Z	info	staff-logger	scenario/viewer.go:56	visit top
2026-09-22T08:30:21.781Z	info	staff-logger	scenario/viewer.go:64	get livestream
2026-09-22T08:30:21.781Z	info	staff-logger	scenario/viewer.go:83	visit livestream
2026-09-22T08:30:21.808Z	info	staff-logger	scenario/streamer.go:48	change icon
2026-09-22T08:30:22.228Z	info	staff-logger	scenario/viewer.go:32	basic viewer scenario
2026-09-22T08:30:22.228Z	info	staff-logger	scenario/viewer.go:56	visit top
2026-09-22T08:30:22.228Z	info	staff-logger	scenario/viewer.go:64	get livestream
2026-09-22T08:30:22.228Z	info	staff-logger	scenario/viewer.go:83	visit livestream
2026-09-22T08:30:22.323Z	info	staff-logger	scenario/viewer.go:32	basic viewer scenario
2026-09-22T08:30:22.323Z	info	staff-logger	scenario/viewer.go:56	visit top
2026-09-22T08:30:22.323Z	info	staff-logger	scenario/viewer.go:64	get livestream
2026-09-22T08:30:22.323Z	info	staff-logger	scenario/viewer.go:83	visit livestream
2026-09-22T08:30:23.012Z	info	staff-logger	scenario/streamer.go:48	change icon
2026-09-22T08:30:23.022Z	info	staff-logger	scenario/viewer.go:32	basic viewer scenario
2026-09-22T08:30:23.022Z	info	staff-logger	scenario/viewer.go:56	visit top
2026-09-22T08:30:23.022Z	info	staff-logger	scenario/viewer.go:64	get livestream
2026-09-22T08:30:23.022Z	info	staff-logger	scenario/viewer.go:83	visit livestream
2026-09-22T08:30:24.715Z	info	staff-logger	scenario/viewer.go:32	basic viewer scenario
2026-09-22T08:30:24.715Z	info	staff-logger	scenario/viewer.go:56	visit top
2026-09-22T08:30:24.715Z	info	staff-logger	scenario/viewer.go:64	get livestream
2026-09-22T08:30:24.715Z	info	staff-logger	scenario/viewer.go:83	visit livestream
2026-09-22T08:30:25.977Z	info	staff-logger	scenario/viewer.go:32	basic viewer scenario
2026-09-22T08:30:25.977Z	info	staff-logger	scenario/viewer.go:46	change icon
2026-09-22T08:30:26.117Z	info	staff-logger	scenario/viewer.go:56	visit top
2026-09-22T08:30:27.009Z	info	staff-logger	scenario/streamer.go:48	change icon
2026-09-22T08:30:27.985Z	info	staff-logger	scenario/viewer.go:32	basic viewer scenario
2026-09-22T08:30:27.985Z	info	staff-logger	scenario/viewer.go:56	visit top
2026-09-22T08:30:27.985Z	info	staff-logger	scenario/viewer.go:64	get livestream
2026-09-22T08:30:27.985Z	info	staff-logger	scenario/viewer.go:83	visit livestream
2026-09-22T08:30:28.663Z	info	staff-logger	scenario/viewer.go:64	get livestream
2026-09-22T08:30:28.663Z	info	staff-logger	scenario/viewer.go:76	visit user profile
2026-09-22T08:30:28.666Z	info	staff-logger	scenario/streamer.go:48	change icon
2026-09-22T08:30:30.545Z	info	staff-logger	scenario/viewer.go:32	basic viewer scenario
2026-09-22T08:30:30.545Z	info	staff-logger	scenario/viewer.go:56	visit top
2026-09-22T08:30:30.545Z	info	staff-logger	scenario/viewer.go:64	get livestream
2026-09-22T08:30:30.545Z	info	staff-logger	scenario/viewer.go:83	visit livestream
2026-09-22T08:30:30.979Z	info	staff-logger	scenario/viewer.go:32	basic viewer scenario
2026-09-22T08:30:30.979Z	info	staff-logger	scenario/viewer.go:56	visit top
2026-09-22T08:30:30.979Z	info	staff-logger	scenario/viewer.go:64	get livestream
2026-09-22T08:30:30.979Z	info	staff-logger	scenario/viewer.go:83	visit livestream
2026-09-22T08:30:32.576Z	info	staff-logger	scenario/viewer.go:32	basic viewer scenario
2026-09-22T08:30:32.576Z	info	staff-logger	scenario/viewer.go:56	visit top
2026-09-22T08:30:32.576Z	info	staff-logger	scenario/viewer.go:64	get livestream
2026-09-22T08:30:32.576Z	info	staff-logger	scenario/viewer.go:83	visit livestream
2026-09-22T08:30:32.700Z	info	staff-logger	scenario/viewer.go:32	basic viewer scenario
2026-09-22T08:30:32.700Z	info	staff-logger	scenario/viewer.go:56	visit top
2026-09-22T08:30:32.700Z	info	staff-logger	scenario/viewer.go:64	get livestream
2026-09-22T08:30:32.700Z	info	staff-logger	scenario/viewer.go:83	visit livestream
2026-09-22T08:30:33.240Z	info	staff-logger	scenario/viewer.go:32	basic viewer scenario
2026-09-22T08:30:33.240Z	info	staff-logger	scenario/viewer.go:56	visit top
2026-09-22T08:30:34.889Z	info	staff-logger	scenario/viewer.go:32	basic viewer scenario
2026-09-22T08:30:34.889Z	info	staff-logger	scenario/viewer.go:56	visit top
2026-09-22T08:30:34.939Z	info	staff-logger	scenario/streamer.go:48	change icon
2026-09-22T08:30:36.411Z	info	staff-logger	scenario/streamer.go:48	change icon
2026-09-22T08:30:37.495Z	info	staff-logger	scenario/viewer.go:32	basic viewer scenario
2026-09-22T08:30:37.495Z	info	staff-logger	scenario/viewer.go:56	visit top
2026-09-22T08:30:37.495Z	info	staff-logger	scenario/viewer.go:64	get livestream
2026-09-22T08:30:37.495Z	info	staff-logger	scenario/viewer.go:83	visit livestream
2026-09-22T08:30:38.256Z	info	staff-logger	scenario/viewer.go:64	get livestream
2026-09-22T08:30:38.256Z	info	staff-logger	scenario/viewer.go:76	visit user profile
2026-09-22T08:30:39.595Z	info	staff-logger	scenario/viewer.go:83	visit livestream
2026-09-22T08:30:40.451Z	info	staff-logger	scenario/viewer.go:32	basic viewer scenario
2026-09-22T08:30:40.452Z	info	staff-logger	scenario/viewer.go:56	visit top
2026-09-22T08:30:40.792Z	info	staff-logger	scenario/viewer.go:32	basic viewer scenario
2026-09-22T08:30:40.792Z	info	staff-logger	scenario/viewer.go:56	visit top
2026-09-22T08:30:40.792Z	info	staff-logger	scenario/viewer.go:64	get livestream
2026-09-22T08:30:40.792Z	info	staff-logger	scenario/viewer.go:83	visit livestream
2026-09-22T08:30:43.653Z	info	staff-logger	scenario/viewer.go:32	basic viewer scenario
2026-09-22T08:30:43.653Z	info	staff-logger	scenario/viewer.go:56	visit top
2026-09-22T08:30:43.653Z	info	staff-logger	scenario/viewer.go:64	get livestream
2026-09-22T08:30:43.653Z	info	staff-logger	scenario/viewer.go:83	visit livestream
2026-09-22T08:30:43.663Z	info	staff-logger	scenario/viewer.go:32	basic viewer scenario
2026-09-22T08:30:43.663Z	info	staff-logger	scenario/viewer.go:56	visit top
2026-09-22T08:30:43.663Z	info	staff-logger	scenario/viewer.go:64	get livestream
2026-09-22T08:30:43.663Z	info	staff-logger	scenario/viewer.go:83	visit livestream
2026-09-22T08:30:43.687Z	info	isupipe-benchmarker	ベンチマーク走行を停止します
2026-09-22T08:30:43.686Z	warn	staff-logger	scenario/viewer.go:101	view: failed to get livecomments: ベンチマーク走行が継続できないエラーが発生しました

2026-09-22T08:30:43.687Z	warn	staff-logger	scenario/viewer.go:101	view: failed to get livecomments: ベンチマーク走行が継続できないエラーが発生しました

2026-09-22T08:30:43.687Z	warn	staff-logger	scenario/viewer.go:101	view: failed to get livecomments: ベンチマーク走行が継続できないエラーが発生しました

2026-09-22T08:30:43.687Z	warn	staff-logger	scenario/viewer.go:101	view: failed to get livecomments: ベンチマーク走行が継続できないエラーが発生しました

2026-09-22T08:30:43.687Z	warn	staff-logger	scenario/viewer.go:101	view: failed to get livecomments: Get "https://reisakamoto0.u.isucon.local:443/api/livestream/7565/livecomment": context canceled: ベンチマーク走行が継続できないエラーが発生しました

2026-09-22T08:30:43.687Z	warn	staff-logger	scenario/viewer.go:101	view: failed to get livecomments: Get "https://reisakamoto0.u.isucon.local:443/api/livestream/7565/livecomment": context canceled: ベンチマーク走行が継続できないエラーが発生しました

2026-09-22T08:30:43.687Z	warn	staff-logger	scenario/viewer.go:101	view: failed to get livecomments: Get "https://reisakamoto0.u.isucon.local:443/api/livestream/7565/livecomment": context canceled: ベンチマーク走行が継続できないエラーが発生しました

2026-09-22T08:30:43.687Z	warn	staff-logger	scenario/viewer.go:101	view: failed to get livecomments: Get "https://reisakamoto0.u.isucon.local:443/api/livestream/7565/livecomment": context canceled: ベンチマーク走行が継続できないエラーが発生しました

2026-09-22T08:30:43.687Z	warn	staff-logger	scenario/viewer.go:101	view: failed to get livecomments: Get "https://reisakamoto0.u.isucon.local:443/api/livestream/7565/livecomment": context canceled: ベンチマーク走行が継続できないエラーが発生しました

2026-09-22T08:30:43.687Z	warn	staff-logger	scenario/viewer.go:101	view: failed to get livecomments: Get "https://reisakamoto0.u.isucon.local:443/api/livestream/7565/livecomment": context canceled: ベンチマーク走行が継続できないエラーが発生しました

2026-09-22T08:30:43.687Z	warn	staff-logger	scenario/viewer.go:101	view: failed to get livecomments: Get "https://reisakamoto0.u.isucon.local:443/api/livestream/7565/livecomment": context canceled: ベンチマーク走行が継続できないエラーが発生しました

2026-09-22T08:30:43.687Z	warn	staff-logger	scenario/viewer.go:101	view: failed to get livecomments: Get "https://reisakamoto0.u.isucon.local:443/api/livestream/7565/livecomment": context canceled: ベンチマーク走行が継続できないエラーが発生しました

2026-09-22T08:30:43.687Z	warn	staff-logger	scenario/viewer.go:101	view: failed to get livecomments: Get "https://reisakamoto0.u.isucon.local:443/api/livestream/7565/livecomment": context canceled: ベンチマーク走行が継続できないエラーが発生しました

2026-09-22T08:30:43.687Z	warn	staff-logger	scenario/viewer.go:142	view: failed to leave from livestream: Delete "https://reisakamoto0.u.isucon.local:443/api/livestream/7565/exit": context canceled: ベンチマーク走行が継続できないエラーが発生しました

2026-09-22T08:30:43.687Z	warn	staff-logger	scenario/streamer.go:160	streamer_moderate: failed to moderate: Post "https://mikimatsuda0.u.isucon.local:443/api/livestream/7528/moderate": context canceled: ベンチマーク走行が継続できないエラーが発生しました

2026-09-22T08:30:43.688Z	info	staff-logger	scenario/viewer.go:64	get livestream
2026-09-22T08:30:43.688Z	warn	staff-logger	scenario/viewer.go:67	view: failed to get livestream from pool: context canceled

2026-09-22T08:30:43.690Z	warn	isupipe-benchmarker	ライブコメントを配信に投稿できないため、視聴者が離脱します	{"viewer": "inakamura2", "livestream_id": 7562, "error": "Post \"https://shohei800.u.isucon.local:443/api/livestream/7562/livecomment\": context canceled: ベンチマーク走行が継続できないエラーが発生しました"}
2026-09-22T08:30:43.688Z	warn	staff-logger	scenario/viewer.go:85	view: failed to visit livestream: Post "https://yukitanaka0.u.isucon.local:443/api/livestream/7566/enter": context canceled: ベンチマーク走行が継続できないエラーが発生しました

2026-09-22T08:30:43.689Z	warn	staff-logger	scenario/viewer.go:59	view: failed to visit top page: Get "https://pipe.u.isucon.local:443/api/tag": context canceled: ベンチマーク走行が継続できないエラーが発生しました

2026-09-22T08:30:43.689Z	warn	staff-logger	scenario/viewer.go:126	view: failed to get reactions: Get "https://nishikawa0.u.isucon.local:443/api/livestream/7560/reaction": context canceled: ベンチマーク走行が継続できないエラーが発生しました

2026-09-22T08:30:43.689Z	warn	staff-logger	scenario/streamer.go:204	aggressive streamer moderate: failed to moderate: Post "https://fujiwarakenichi0.u.isucon.local:443/api/livestream/7555/moderate": context canceled: ベンチマーク走行が継続できないエラーが発生しました

2026-09-22T08:30:43.689Z	warn	staff-logger	scenario/viewer.go:101	view: failed to get livecomments: Get "https://ghasegawa0.u.isucon.local:443/api/livestream/7540/livecomment": context canceled: ベンチマーク走行が継続できないエラーが発生しました

2026-09-22T08:30:43.690Z	warn	staff-logger	scenario/streamer.go:198	aggressive streamer moderate: failed to visit livestream admin: Get "https://pipe.u.isucon.local:443/api/livestream/search?limit=50": context canceled: ベンチマーク走行が継続できないエラーが発生しました

2026-09-22T08:30:43.690Z	warn	staff-logger	scenario/viewer.go:101	view: failed to get livecomments: Get "https://ghasegawa0.u.isucon.local:443/api/livestream/7540/livecomment": context canceled: ベンチマーク走行が継続できないエラーが発生しました

2026-09-22T08:30:43.690Z	warn	staff-logger	scenario/viewer.go:101	view: failed to get livecomments: Get "https://ghasegawa0.u.isucon.local:443/api/livestream/7540/livecomment": context canceled: ベンチマーク走行が継続できないエラーが発生しました

2026-09-22T08:30:43.690Z	warn	staff-logger	scenario/viewer.go:121	view: failed to post livecomment: Post "https://shohei800.u.isucon.local:443/api/livestream/7562/livecomment": context canceled: ベンチマーク走行が継続できないエラーが発生しました

2026-09-22T08:30:43.689Z	warn	staff-logger	scenario/viewer.go:101	view: failed to get livecomments: Get "https://nishikawa0.u.isucon.local:443/api/livestream/7560/livecomment": context canceled: ベンチマーク走行が継続できないエラーが発生しました

2026-09-22T08:30:43.690Z	warn	staff-logger	scenario/viewer.go:101	view: failed to get livecomments: Get "https://ghasegawa0.u.isucon.local:443/api/livestream/7540/livecomment": context canceled: ベンチマーク走行が継続できないエラーが発生しました

2026-09-22T08:30:43.690Z	warn	staff-logger	scenario/viewer.go:101	view: failed to get livecomments: Get "https://ghasegawa0.u.isucon.local:443/api/livestream/7540/livecomment": context canceled: ベンチマーク走行が継続できないエラーが発生しました

2026-09-22T08:30:43.690Z	warn	staff-logger	scenario/viewer.go:101	view: failed to get livecomments: Get "https://nishikawa0.u.isucon.local:443/api/livestream/7560/livecomment": context canceled: ベンチマーク走行が継続できないエラーが発生しました

2026-09-22T08:30:43.690Z	warn	staff-logger	scenario/viewer.go:101	view: failed to get livecomments: Get "https://ghasegawa0.u.isucon.local:443/api/livestream/7540/livecomment": context canceled: ベンチマーク走行が継続できないエラーが発生しました

2026-09-22T08:30:43.690Z	warn	staff-logger	scenario/viewer.go:101	view: failed to get livecomments: Get "https://nishikawa0.u.isucon.local:443/api/livestream/7560/livecomment": context canceled: ベンチマーク走行が継続できないエラーが発生しました

2026-09-22T08:30:43.690Z	warn	staff-logger	scenario/viewer.go:101	view: failed to get livecomments: Get "https://ghasegawa0.u.isucon.local:443/api/livestream/7540/livecomment": context canceled: ベンチマーク走行が継続できないエラーが発生しました

2026-09-22T08:30:43.690Z	warn	staff-logger	scenario/viewer.go:101	view: failed to get livecomments: Get "https://nishikawa0.u.isucon.local:443/api/livestream/7560/livecomment": context canceled: ベンチマーク走行が継続できないエラーが発生しました

2026-09-22T08:30:43.690Z	warn	staff-logger	scenario/streamer.go:91	reserve: failed to reserve: Post "https://akemitanaka0.u.isucon.local:443/api/livestream/reservation": context canceled: ベンチマーク走行が継続できないエラーが発生しました

2026-09-22T08:30:43.690Z	warn	staff-logger	scenario/viewer.go:101	view: failed to get livecomments: Get "https://nishikawa0.u.isucon.local:443/api/livestream/7560/livecomment": context canceled: ベンチマーク走行が継続できないエラーが発生しました

2026-09-22T08:30:43.690Z	warn	staff-logger	scenario/streamer.go:204	aggressive streamer moderate: failed to moderate: Post "https://atsushi410.u.isucon.local:443/api/livestream/7532/moderate": context canceled: ベンチマーク走行が継続できないエラーが発生しました

2026-09-22T08:30:43.690Z	warn	staff-logger	scenario/viewer.go:101	view: failed to get livecomments: Get "https://nishikawa0.u.isucon.local:443/api/livestream/7560/livecomment": context canceled: ベンチマーク走行が継続できないエラーが発生しました

2026-09-22T08:30:43.690Z	warn	staff-logger	scenario/viewer.go:126	view: failed to get reactions: Get "https://satomigoto0.u.isucon.local:443/api/livestream/7538/reaction": context canceled: ベンチマーク走行が継続できないエラーが発生しました

2026-09-22T08:30:43.690Z	warn	staff-logger	scenario/viewer.go:142	view: failed to leave from livestream: Delete "https://nishikawa0.u.isucon.local:443/api/livestream/7560/exit": context canceled: ベンチマーク走行が継続できないエラーが発生しました

2026-09-22T08:30:43.690Z	warn	staff-logger	scenario/streamer.go:198	aggressive streamer moderate: failed to visit livestream admin: Get "https://pipe.u.isucon.local:443/api/livestream/search?limit=50": context canceled: ベンチマーク走行が継続できないエラーが発生しました

2026-09-22T08:30:43.690Z	warn	staff-logger	scenario/viewer.go:101	view: failed to get livecomments: Get "https://ghasegawa0.u.isucon.local:443/api/livestream/7540/livecomment": context canceled: ベンチマーク走行が継続できないエラーが発生しました

2026-09-22T08:30:43.690Z	warn	staff-logger	scenario/viewer.go:101	view: failed to get livecomments: Get "https://satomigoto0.u.isucon.local:443/api/livestream/7538/livecomment": context canceled: ベンチマーク走行が継続できないエラーが発生しました

2026-09-22T08:30:43.690Z	warn	staff-logger	scenario/viewer.go:142	view: failed to leave from livestream: Delete "https://ghasegawa0.u.isucon.local:443/api/livestream/7540/exit": context canceled: ベンチマーク走行が継続できないエラーが発生しました

2026-09-22T08:30:43.690Z	warn	staff-logger	scenario/viewer.go:101	view: failed to get livecomments: Get "https://satomigoto0.u.isucon.local:443/api/livestream/7538/livecomment": context canceled: ベンチマーク走行が継続できないエラーが発生しました

2026-09-22T08:30:43.690Z	warn	staff-logger	scenario/viewer.go:78	view: failed to visit user profile: Get "https://pipe.u.isucon.local:443/api/user/mikimatsuda0/statistics": context canceled: ベンチマーク走行が継続できないエラーが発生しました

2026-09-22T08:30:43.690Z	info	staff-logger	scenario/viewer.go:64	get livestream
2026-09-22T08:30:43.690Z	warn	staff-logger	scenario/viewer.go:142	view: failed to leave from livestream: Delete "https://satomigoto0.u.isucon.local:443/api/livestream/7538/exit": context canceled: ベンチマーク走行が継続できないエラーが発生しました

2026-09-22T08:30:43.690Z	warn	staff-logger	scenario/viewer.go:67	view: failed to get livestream from pool: context canceled

2026-09-22T08:30:44.462Z	info	isupipe-benchmarker	ベンチマーク走行終了
2026-09-22T08:30:44.462Z	info	isupipe-benchmarker	最終チェックを実施します
2026-09-22T08:30:44.462Z	info	staff-logger	bench/bench.go:260	ベンチマーク走行時間: 1m0.775673301s
2026-09-22T08:30:44.463Z	info	isupipe-benchmarker	最終チェックが成功しました
2026-09-22T08:30:44.463Z	info	isupipe-benchmarker	重複排除したログを以下に出力します
2026-09-22T08:30:44.463Z	info	isupipe-benchmarker	配信を最後まで視聴できた視聴者数	{"viewers": 34}
2026-09-22T08:30:44.463Z	info	staff-logger	bench/bench.go:277	ベンチエラーを収集します
2026-09-22T08:30:44.463Z	info	staff-logger	bench/bench.go:285	内部エラーを収集します
2026-09-22T08:30:44.463Z	info	staff-logger	bench/bench.go:301	シナリオカウンタを出力します
2026-09-22T08:30:44.463Z	info	staff-logger	bench/bench.go:323	[シナリオ aggressive-streamer-moderate] 29 回成功
2026-09-22T08:30:44.463Z	info	staff-logger	bench/bench.go:323	[シナリオ dns-watertorture-attack] 109 回成功
2026-09-22T08:30:44.463Z	info	staff-logger	bench/bench.go:323	[シナリオ streamer-cold-reserve] 131 回成功
2026-09-22T08:30:44.463Z	info	staff-logger	bench/bench.go:323	[シナリオ streamer-moderate] 66 回成功
2026-09-22T08:30:44.463Z	info	staff-logger	bench/bench.go:323	[シナリオ viewer-report] 45 回成功, 5 回失敗
2026-09-22T08:30:44.463Z	info	staff-logger	bench/bench.go:323	[シナリオ viewer-spam] 31 回成功
2026-09-22T08:30:44.463Z	info	staff-logger	bench/bench.go:323	[シナリオ viewer] 34 回成功, 1 回失敗
2026-09-22T08:30:44.463Z	info	staff-logger	bench/bench.go:323	[失敗シナリオ viewer-fail] 1 回失敗
2026-09-22T08:30:44.463Z	info	staff-logger	bench/bench.go:323	[失敗シナリオ viewer-report-fail] 5 回失敗
2026-09-22T08:30:44.463Z	info	staff-logger	bench/bench.go:329	DNSAttacker並列数: 6
2026-09-22T08:30:44.463Z	info	staff-logger	bench/bench.go:330	名前解決成功数: 12216
2026-09-22T08:30:44.463Z	info	staff-logger	bench/bench.go:331	名前解決失敗数: 5
2026-09-22T08:30:44.463Z	info	staff-logger	bench/bench.go:335	スコア: 7288
