2026-09-22T09:20:07.788Z	info	isupipe-benchmarker	SSL接続が有効になっています
2026-09-22T09:20:07.788Z	info	isupipe-benchmarker	静的ファイルチェックを行います
2026-09-22T09:20:07.788Z	info	isupipe-benchmarker	静的ファイルチェックが完了しました
2026-09-22T09:20:07.788Z	info	isupipe-benchmarker	webappの初期化を行います
2026-09-22T09:20:10.343Z	info	isupipe-benchmarker	ベンチマーク走行前のデータ整合性チェックを行います
2026-09-22T09:20:14.744Z	info	isupipe-benchmarker	整合性チェックが成功しました
2026-09-22T09:20:14.744Z	info	isupipe-benchmarker	ベンチマーク走行を開始します
2026-09-22T09:20:16.755Z	info	isupipe-benchmarker	DNS水責め負荷が上昇します	{"parallelis": 3}
2026-09-22T09:20:18.754Z	info	isupipe-benchmarker	DNS水責め負荷が上昇します	{"parallelis": 4}
2026-09-22T09:20:20.754Z	info	isupipe-benchmarker	DNS水責め負荷が上昇します	{"parallelis": 6}
2026-09-22T09:20:22.755Z	info	isupipe-benchmarker	DNS水責め負荷が上昇します	{"parallelis": 9}
2026-09-22T09:20:24.755Z	info	isupipe-benchmarker	DNS水責め負荷が上昇します	{"parallelis": 13}
2026-09-22T09:20:26.754Z	info	isupipe-benchmarker	DNS水責め負荷が上昇します	{"parallelis": 15}
2026-09-22T09:21:14.744Z	info	isupipe-benchmarker	ベンチマーク走行を停止します
2026-09-22T09:21:14.745Z	warn	isupipe-benchmarker	ライブコメントを配信に投稿できないため、視聴者が離脱します	{"viewer": "yuisakamoto0", "livestream_id": 8835, "error": "ベンチマーク走行が継続できないエラーが発生しました"}
2026-09-22T09:21:14.746Z	warn	isupipe-benchmarker	ライブコメントを配信に投稿できないため、視聴者が離脱します	{"viewer": "hiroshi080", "livestream_id": 8806, "error": "ベンチマーク走行が継続できないエラーが発生しました"}
2026-09-22T09:21:14.746Z	warn	isupipe-benchmarker	ライブコメントを配信に投稿できないため、視聴者が離脱します	{"viewer": "asuzuki2", "livestream_id": 8219, "error": "ベンチマーク走行が継続できないエラーが発生しました"}
2026-09-22T09:21:14.746Z	warn	isupipe-benchmarker	ライブコメントを配信に投稿できないため、視聴者が離脱します	{"viewer": "yamamototsubasa1", "livestream_id": 8251, "error": "ベンチマーク走行が継続できないエラーが発生しました"}
2026-09-22T09:21:15.187Z	info	isupipe-benchmarker	ベンチマーク走行終了
2026-09-22T09:21:15.187Z	info	isupipe-benchmarker	最終チェックを実施します
2026-09-22T09:21:15.187Z	info	isupipe-benchmarker	最終チェックが成功しました
2026-09-22T09:21:15.187Z	info	isupipe-benchmarker	重複排除したログを以下に出力します
2026-09-22T09:21:15.190Z	info	isupipe-benchmarker	配信を最後まで視聴できた視聴者数	{"viewers": 1834}
