2026-09-22T11:29:27.483Z	info	isupipe-benchmarker	SSL接続が有効になっています
2026-09-22T11:29:27.483Z	info	isupipe-benchmarker	静的ファイルチェックを行います
2026-09-22T11:29:27.483Z	info	isupipe-benchmarker	静的ファイルチェックが完了しました
2026-09-22T11:29:27.483Z	info	isupipe-benchmarker	webappの初期化を行います
2026-09-22T11:29:30.215Z	info	isupipe-benchmarker	ベンチマーク走行前のデータ整合性チェックを行います
2026-09-22T11:29:34.559Z	info	isupipe-benchmarker	整合性チェックが成功しました
2026-09-22T11:29:34.559Z	info	isupipe-benchmarker	ベンチマーク走行を開始します
2026-09-22T11:29:36.569Z	info	isupipe-benchmarker	DNS水責め負荷が上昇します	{"parallelis": 3}
2026-09-22T11:29:38.569Z	info	isupipe-benchmarker	DNS水責め負荷が上昇します	{"parallelis": 4}
2026-09-22T11:29:40.569Z	info	isupipe-benchmarker	DNS水責め負荷が上昇します	{"parallelis": 6}
2026-09-22T11:29:42.569Z	info	isupipe-benchmarker	DNS水責め負荷が上昇します	{"parallelis": 9}
2026-09-22T11:29:44.569Z	info	isupipe-benchmarker	DNS水責め負荷が上昇します	{"parallelis": 13}
2026-09-22T11:29:46.569Z	info	isupipe-benchmarker	DNS水責め負荷が上昇します	{"parallelis": 15}
2026-09-22T11:30:34.560Z	info	isupipe-benchmarker	ベンチマーク走行を停止します
2026-09-22T11:30:34.560Z	warn	isupipe-benchmarker	ライブコメントを配信に投稿できないため、視聴者が離脱します	{"viewer": "nakajimayosuke0", "livestream_id": 8066, "error": "ベンチマーク走行が継続できないエラーが発生しました"}
2026-09-22T11:30:34.560Z	warn	isupipe-benchmarker	ライブコメントを配信に投稿できないため、視聴者が離脱します	{"viewer": "naokosato0", "livestream_id": 8093, "error": "ベンチマーク走行が継続できないエラーが発生しました"}
2026-09-22T11:30:34.561Z	warn	isupipe-benchmarker	ライブコメントを配信に投稿できないため、視聴者が離脱します	{"viewer": "kenichinakamura1", "livestream_id": 8540, "error": "ベンチマーク走行が継続できないエラーが発生しました"}
2026-09-22T11:30:34.947Z	info	isupipe-benchmarker	ベンチマーク走行終了
2026-09-22T11:30:34.947Z	info	isupipe-benchmarker	最終チェックを実施します
2026-09-22T11:30:34.947Z	info	isupipe-benchmarker	最終チェックが成功しました
2026-09-22T11:30:34.947Z	info	isupipe-benchmarker	重複排除したログを以下に出力します
2026-09-22T11:30:34.954Z	info	isupipe-benchmarker	配信を最後まで視聴できた視聴者数	{"viewers": 3568}
