2026-09-22T11:28:00.355Z	info	isupipe-benchmarker	SSL接続が有効になっています
2026-09-22T11:28:00.355Z	info	isupipe-benchmarker	静的ファイルチェックを行います
2026-09-22T11:28:00.355Z	info	isupipe-benchmarker	静的ファイルチェックが完了しました
2026-09-22T11:28:00.355Z	info	isupipe-benchmarker	webappの初期化を行います
2026-09-22T11:28:03.041Z	info	isupipe-benchmarker	ベンチマーク走行前のデータ整合性チェックを行います
2026-09-22T11:28:07.389Z	info	isupipe-benchmarker	整合性チェックが成功しました
2026-09-22T11:28:07.389Z	info	isupipe-benchmarker	ベンチマーク走行を開始します
2026-09-22T11:28:09.399Z	info	isupipe-benchmarker	DNS水責め負荷が上昇します	{"parallelis": 3}
2026-09-22T11:28:11.399Z	info	isupipe-benchmarker	DNS水責め負荷が上昇します	{"parallelis": 4}
2026-09-22T11:28:13.399Z	info	isupipe-benchmarker	DNS水責め負荷が上昇します	{"parallelis": 6}
2026-09-22T11:28:15.399Z	info	isupipe-benchmarker	DNS水責め負荷が上昇します	{"parallelis": 9}
2026-09-22T11:28:17.399Z	info	isupipe-benchmarker	DNS水責め負荷が上昇します	{"parallelis": 13}
2026-09-22T11:28:19.399Z	info	isupipe-benchmarker	DNS水責め負荷が上昇します	{"parallelis": 15}
2026-09-22T11:29:07.401Z	info	isupipe-benchmarker	ベンチマーク走行を停止します
2026-09-22T11:29:07.403Z	warn	isupipe-benchmarker	ライブコメントを配信に投稿できないため、視聴者が離脱します	{"viewer": "pyamazaki0", "livestream_id": 8137, "error": "ベンチマーク走行が継続できないエラーが発生しました"}
2026-09-22T11:29:07.404Z	warn	isupipe-benchmarker	ライブコメントを配信に投稿できないため、視聴者が離脱します	{"viewer": "ogawakaori0", "livestream_id": 7733, "error": "ベンチマーク走行が継続できないエラーが発生しました"}
2026-09-22T11:29:07.404Z	warn	isupipe-benchmarker	ライブコメントを配信に投稿できないため、視聴者が離脱します	{"viewer": "miki321", "livestream_id": 7615, "error": "ベンチマーク走行が継続できないエラーが発生しました"}
2026-09-22T11:29:07.770Z	info	isupipe-benchmarker	ベンチマーク走行終了
2026-09-22T11:29:07.770Z	info	isupipe-benchmarker	最終チェックを実施します
2026-09-22T11:29:07.771Z	info	isupipe-benchmarker	最終チェックが成功しました
2026-09-22T11:29:07.771Z	info	isupipe-benchmarker	重複排除したログを以下に出力します
2026-09-22T11:29:07.778Z	info	isupipe-benchmarker	配信を最後まで視聴できた視聴者数	{"viewers": 3581}
