2026-09-22T09:43:54.389Z	info	isupipe-benchmarker	SSL接続が有効になっています
2026-09-22T09:43:54.389Z	info	isupipe-benchmarker	静的ファイルチェックを行います
2026-09-22T09:43:54.389Z	info	isupipe-benchmarker	静的ファイルチェックが完了しました
2026-09-22T09:43:54.389Z	info	isupipe-benchmarker	webappの初期化を行います
2026-09-22T09:43:57.119Z	info	isupipe-benchmarker	ベンチマーク走行前のデータ整合性チェックを行います
2026-09-22T09:44:01.482Z	info	isupipe-benchmarker	整合性チェックが成功しました
2026-09-22T09:44:01.482Z	info	isupipe-benchmarker	ベンチマーク走行を開始します
2026-09-22T09:44:03.492Z	info	isupipe-benchmarker	DNS水責め負荷が上昇します	{"parallelis": 3}
2026-09-22T09:44:05.492Z	info	isupipe-benchmarker	DNS水責め負荷が上昇します	{"parallelis": 4}
2026-09-22T09:44:07.492Z	info	isupipe-benchmarker	DNS水責め負荷が上昇します	{"parallelis": 6}
2026-09-22T09:44:09.492Z	info	isupipe-benchmarker	DNS水責め負荷が上昇します	{"parallelis": 9}
2026-09-22T09:44:11.492Z	info	isupipe-benchmarker	DNS水責め負荷が上昇します	{"parallelis": 13}
2026-09-22T09:44:13.492Z	info	isupipe-benchmarker	DNS水責め負荷が上昇します	{"parallelis": 15}
2026-09-22T09:45:01.483Z	info	isupipe-benchmarker	ベンチマーク走行を停止します
2026-09-22T09:45:01.484Z	warn	isupipe-benchmarker	ライブコメントを配信に投稿できないため、視聴者が離脱します	{"viewer": "kimuramikako1", "livestream_id": 7563, "error": "ベンチマーク走行が継続できないエラーが発生しました"}
2026-09-22T09:45:01.484Z	warn	isupipe-benchmarker	ライブコメントを配信に投稿できないため、視聴者が離脱します	{"viewer": "osamumurakami0", "livestream_id": 8602, "error": "ベンチマーク走行が継続できないエラーが発生しました"}
2026-09-22T09:45:01.485Z	warn	isupipe-benchmarker	ライブコメントを配信に投稿できないため、視聴者が離脱します	{"viewer": "tsasaki0", "livestream_id": 8102, "error": "ベンチマーク走行が継続できないエラーが発生しました"}
2026-09-22T09:45:01.485Z	warn	isupipe-benchmarker	ライブコメントを配信に投稿できないため、視聴者が離脱します	{"viewer": "gotoyasuhiro0", "livestream_id": 7832, "error": "ベンチマーク走行が継続できないエラーが発生しました"}
2026-09-22T09:45:01.486Z	warn	isupipe-benchmarker	ライブコメントを配信に投稿できないため、視聴者が離脱します	{"viewer": "yamamotomai3", "livestream_id": 7686, "error": "ベンチマーク走行が継続できないエラーが発生しました"}
2026-09-22T09:45:01.918Z	info	isupipe-benchmarker	ベンチマーク走行終了
2026-09-22T09:45:01.918Z	info	isupipe-benchmarker	最終チェックを実施します
2026-09-22T09:45:01.918Z	info	isupipe-benchmarker	最終チェックが成功しました
2026-09-22T09:45:01.918Z	info	isupipe-benchmarker	重複排除したログを以下に出力します
2026-09-22T09:45:01.922Z	info	isupipe-benchmarker	配信を最後まで視聴できた視聴者数	{"viewers": 2039}
