2026-09-22T10:39:20.715Z	info	isupipe-benchmarker	SSL接続が有効になっています
2026-09-22T10:39:20.715Z	info	isupipe-benchmarker	静的ファイルチェックを行います
2026-09-22T10:39:20.715Z	info	isupipe-benchmarker	静的ファイルチェックが完了しました
2026-09-22T10:39:20.715Z	info	isupipe-benchmarker	webappの初期化を行います
2026-09-22T10:39:23.432Z	info	isupipe-benchmarker	ベンチマーク走行前のデータ整合性チェックを行います
2026-09-22T10:39:27.778Z	info	isupipe-benchmarker	整合性チェックが成功しました
2026-09-22T10:39:27.778Z	info	isupipe-benchmarker	ベンチマーク走行を開始します
2026-09-22T10:39:29.787Z	info	isupipe-benchmarker	DNS水責め負荷が上昇します	{"parallelis": 3}
2026-09-22T10:39:31.787Z	info	isupipe-benchmarker	DNS水責め負荷が上昇します	{"parallelis": 4}
2026-09-22T10:39:33.788Z	info	isupipe-benchmarker	DNS水責め負荷が上昇します	{"parallelis": 6}
2026-09-22T10:39:35.787Z	info	isupipe-benchmarker	DNS水責め負荷が上昇します	{"parallelis": 9}
2026-09-22T10:39:37.787Z	info	isupipe-benchmarker	DNS水責め負荷が上昇します	{"parallelis": 13}
2026-09-22T10:39:39.787Z	info	isupipe-benchmarker	DNS水責め負荷が上昇します	{"parallelis": 15}
2026-09-22T10:40:27.778Z	info	isupipe-benchmarker	ベンチマーク走行を停止します
2026-09-22T10:40:27.780Z	warn	isupipe-benchmarker	ライブコメントを配信に投稿できないため、視聴者が離脱します	{"viewer": "msato0", "livestream_id": 8174, "error": "ベンチマーク走行が継続できないエラーが発生しました"}
2026-09-22T10:40:27.780Z	warn	isupipe-benchmarker	ライブコメントを配信に投稿できないため、視聴者が離脱します	{"viewer": "kobayashinaoto1", "livestream_id": 8648, "error": "ベンチマーク走行が継続できないエラーが発生しました"}
2026-09-22T10:40:27.780Z	warn	isupipe-benchmarker	ライブコメントを配信に投稿できないため、視聴者が離脱します	{"viewer": "ufujii0", "livestream_id": 7652, "error": "ベンチマーク走行が継続できないエラーが発生しました"}
2026-09-22T10:40:27.780Z	warn	isupipe-benchmarker	ライブコメントを配信に投稿できないため、視聴者が離脱します	{"viewer": "miki850", "livestream_id": 7874, "error": "ベンチマーク走行が継続できないエラーが発生しました"}
2026-09-22T10:40:27.780Z	warn	isupipe-benchmarker	ライブコメントを配信に投稿できないため、視聴者が離脱します	{"viewer": "hanakonakamura0", "livestream_id": 7737, "error": "ベンチマーク走行が継続できないエラーが発生しました"}
2026-09-22T10:40:27.780Z	warn	isupipe-benchmarker	ライブコメントを配信に投稿できないため、視聴者が離脱します	{"viewer": "sayuri132", "livestream_id": 8652, "error": "ベンチマーク走行が継続できないエラーが発生しました"}
2026-09-22T10:40:28.173Z	info	isupipe-benchmarker	ベンチマーク走行終了
2026-09-22T10:40:28.173Z	info	isupipe-benchmarker	最終チェックを実施します
2026-09-22T10:40:28.173Z	info	isupipe-benchmarker	最終チェックが成功しました
2026-09-22T10:40:28.173Z	info	isupipe-benchmarker	重複排除したログを以下に出力します
2026-09-22T10:40:28.178Z	info	isupipe-benchmarker	配信を最後まで視聴できた視聴者数	{"viewers": 3282}
