2026-09-22T10:44:15.155Z	info	isupipe-benchmarker	SSL接続が有効になっています
2026-09-22T10:44:15.155Z	info	isupipe-benchmarker	静的ファイルチェックを行います
2026-09-22T10:44:15.155Z	info	isupipe-benchmarker	静的ファイルチェックが完了しました
2026-09-22T10:44:15.155Z	info	isupipe-benchmarker	webappの初期化を行います
2026-09-22T10:44:17.895Z	info	isupipe-benchmarker	ベンチマーク走行前のデータ整合性チェックを行います
2026-09-22T10:44:22.243Z	info	isupipe-benchmarker	整合性チェックが成功しました
2026-09-22T10:44:22.243Z	info	isupipe-benchmarker	ベンチマーク走行を開始します
2026-09-22T10:44:24.253Z	info	isupipe-benchmarker	DNS水責め負荷が上昇します	{"parallelis": 3}
2026-09-22T10:44:26.253Z	info	isupipe-benchmarker	DNS水責め負荷が上昇します	{"parallelis": 4}
2026-09-22T10:44:28.253Z	info	isupipe-benchmarker	DNS水責め負荷が上昇します	{"parallelis": 6}
2026-09-22T10:44:30.253Z	info	isupipe-benchmarker	DNS水責め負荷が上昇します	{"parallelis": 9}
2026-09-22T10:44:32.253Z	info	isupipe-benchmarker	DNS水責め負荷が上昇します	{"parallelis": 13}
2026-09-22T10:44:34.253Z	info	isupipe-benchmarker	DNS水責め負荷が上昇します	{"parallelis": 15}
2026-09-22T10:45:22.243Z	info	isupipe-benchmarker	ベンチマーク走行を停止します
2026-09-22T10:45:22.244Z	warn	isupipe-benchmarker	ライブコメントを配信に投稿できないため、視聴者が離脱します	{"viewer": "yokoogawa0", "livestream_id": 8104, "error": "ベンチマーク走行が継続できないエラーが発生しました"}
2026-09-22T10:45:22.245Z	warn	isupipe-benchmarker	ライブコメントを配信に投稿できないため、視聴者が離脱します	{"viewer": "watanabeosamu0", "livestream_id": 8093, "error": "ベンチマーク走行が継続できないエラーが発生しました"}
2026-09-22T10:45:22.245Z	warn	isupipe-benchmarker	ライブコメントを配信に投稿できないため、視聴者が離脱します	{"viewer": "ssuzuki1", "livestream_id": 8506, "error": "ベンチマーク走行が継続できないエラーが発生しました"}
2026-09-22T10:45:22.613Z	info	isupipe-benchmarker	ベンチマーク走行終了
2026-09-22T10:45:22.613Z	info	isupipe-benchmarker	最終チェックを実施します
2026-09-22T10:45:22.613Z	info	isupipe-benchmarker	最終チェックが成功しました
2026-09-22T10:45:22.613Z	info	isupipe-benchmarker	重複排除したログを以下に出力します
2026-09-22T10:45:22.620Z	info	isupipe-benchmarker	配信を最後まで視聴できた視聴者数	{"viewers": 3577}
