2026-09-22T10:20:45.644Z	info	isupipe-benchmarker	SSL接続が有効になっています
2026-09-22T10:20:45.644Z	info	isupipe-benchmarker	静的ファイルチェックを行います
2026-09-22T10:20:45.644Z	info	isupipe-benchmarker	静的ファイルチェックが完了しました
2026-09-22T10:20:45.644Z	info	isupipe-benchmarker	webappの初期化を行います
2026-09-22T10:20:48.195Z	info	isupipe-benchmarker	ベンチマーク走行前のデータ整合性チェックを行います
2026-09-22T10:20:52.550Z	info	isupipe-benchmarker	整合性チェックが成功しました
2026-09-22T10:20:52.550Z	info	isupipe-benchmarker	ベンチマーク走行を開始します
2026-09-22T10:20:54.560Z	info	isupipe-benchmarker	DNS水責め負荷が上昇します	{"parallelis": 3}
2026-09-22T10:20:56.560Z	info	isupipe-benchmarker	DNS水責め負荷が上昇します	{"parallelis": 4}
2026-09-22T10:20:58.560Z	info	isupipe-benchmarker	DNS水責め負荷が上昇します	{"parallelis": 6}
2026-09-22T10:21:00.560Z	info	isupipe-benchmarker	DNS水責め負荷が上昇します	{"parallelis": 9}
2026-09-22T10:21:02.560Z	info	isupipe-benchmarker	DNS水責め負荷が上昇します	{"parallelis": 13}
2026-09-22T10:21:04.560Z	info	isupipe-benchmarker	DNS水責め負荷が上昇します	{"parallelis": 15}
2026-09-22T10:21:52.552Z	info	isupipe-benchmarker	ベンチマーク走行を停止します
2026-09-22T10:21:52.553Z	warn	isupipe-benchmarker	ライブコメントを配信に投稿できないため、視聴者が離脱します	{"viewer": "gsuzuki4", "livestream_id": 8468, "error": "ベンチマーク走行が継続できないエラーが発生しました"}
2026-09-22T10:21:52.553Z	warn	isupipe-benchmarker	ライブコメントを配信に投稿できないため、視聴者が離脱します	{"viewer": "cishii1", "livestream_id": 8444, "error": "ベンチマーク走行が継続できないエラーが発生しました"}
2026-09-22T10:21:53.036Z	info	isupipe-benchmarker	ベンチマーク走行終了
2026-09-22T10:21:53.036Z	info	isupipe-benchmarker	最終チェックを実施します
2026-09-22T10:21:53.037Z	info	isupipe-benchmarker	最終チェックが成功しました
2026-09-22T10:21:53.037Z	info	isupipe-benchmarker	重複排除したログを以下に出力します
2026-09-22T10:21:53.043Z	info	isupipe-benchmarker	配信を最後まで視聴できた視聴者数	{"viewers": 2544}
