2026-09-22T10:27:30.198Z	info	isupipe-benchmarker	SSL接続が有効になっています
2026-09-22T10:27:30.198Z	info	isupipe-benchmarker	静的ファイルチェックを行います
2026-09-22T10:27:30.198Z	info	isupipe-benchmarker	静的ファイルチェックが完了しました
2026-09-22T10:27:30.198Z	info	isupipe-benchmarker	webappの初期化を行います
2026-09-22T10:27:32.935Z	info	isupipe-benchmarker	ベンチマーク走行前のデータ整合性チェックを行います
2026-09-22T10:27:37.258Z	info	isupipe-benchmarker	整合性チェックが成功しました
2026-09-22T10:27:37.258Z	info	isupipe-benchmarker	ベンチマーク走行を開始します
2026-09-22T10:27:39.269Z	info	isupipe-benchmarker	DNS水責め負荷が上昇します	{"parallelis": 3}
2026-09-22T10:27:41.269Z	info	isupipe-benchmarker	DNS水責め負荷が上昇します	{"parallelis": 4}
2026-09-22T10:27:43.269Z	info	isupipe-benchmarker	DNS水責め負荷が上昇します	{"parallelis": 6}
2026-09-22T10:27:45.269Z	info	isupipe-benchmarker	DNS水責め負荷が上昇します	{"parallelis": 9}
2026-09-22T10:27:47.269Z	info	isupipe-benchmarker	DNS水責め負荷が上昇します	{"parallelis": 13}
2026-09-22T10:27:49.269Z	info	isupipe-benchmarker	DNS水責め負荷が上昇します	{"parallelis": 15}
2026-09-22T10:28:37.258Z	info	isupipe-benchmarker	ベンチマーク走行を停止します
2026-09-22T10:28:37.260Z	warn	isupipe-benchmarker	ライブコメントを配信に投稿できないため、視聴者が離脱します	{"viewer": "watanabemanabu2", "livestream_id": 7634, "error": "ベンチマーク走行が継続できないエラーが発生しました"}
2026-09-22T10:28:37.260Z	warn	isupipe-benchmarker	ライブコメントを配信に投稿できないため、視聴者が離脱します	{"viewer": "otarei0", "livestream_id": 7802, "error": "ベンチマーク走行が継続できないエラーが発生しました"}
2026-09-22T10:28:37.705Z	info	isupipe-benchmarker	ベンチマーク走行終了
2026-09-22T10:28:37.705Z	info	isupipe-benchmarker	最終チェックを実施します
2026-09-22T10:28:37.705Z	info	isupipe-benchmarker	最終チェックが成功しました
2026-09-22T10:28:37.705Z	info	isupipe-benchmarker	重複排除したログを以下に出力します
2026-09-22T10:28:37.708Z	info	isupipe-benchmarker	配信を最後まで視聴できた視聴者数	{"viewers": 3182}
