2026-09-22T10:00:19.852Z	info	isupipe-benchmarker	SSL接続が有効になっています
2026-09-22T10:00:19.852Z	info	isupipe-benchmarker	静的ファイルチェックを行います
2026-09-22T10:00:19.852Z	info	isupipe-benchmarker	静的ファイルチェックが完了しました
2026-09-22T10:00:19.852Z	info	isupipe-benchmarker	webappの初期化を行います
2026-09-22T10:00:22.599Z	info	isupipe-benchmarker	ベンチマーク走行前のデータ整合性チェックを行います
2026-09-22T10:00:26.962Z	info	isupipe-benchmarker	整合性チェックが成功しました
2026-09-22T10:00:26.962Z	info	isupipe-benchmarker	ベンチマーク走行を開始します
2026-09-22T10:00:28.973Z	info	isupipe-benchmarker	DNS水責め負荷が上昇します	{"parallelis": 3}
2026-09-22T10:00:30.973Z	info	isupipe-benchmarker	DNS水責め負荷が上昇します	{"parallelis": 4}
2026-09-22T10:00:32.972Z	info	isupipe-benchmarker	DNS水責め負荷が上昇します	{"parallelis": 6}
2026-09-22T10:00:34.972Z	info	isupipe-benchmarker	DNS水責め負荷が上昇します	{"parallelis": 9}
2026-09-22T10:00:36.973Z	info	isupipe-benchmarker	DNS水責め負荷が上昇します	{"parallelis": 13}
2026-09-22T10:00:38.972Z	info	isupipe-benchmarker	DNS水責め負荷が上昇します	{"parallelis": 15}
2026-09-22T10:01:26.974Z	info	isupipe-benchmarker	ベンチマーク走行を停止します
2026-09-22T10:01:26.975Z	warn	isupipe-benchmarker	ライブコメントを配信に投稿できないため、視聴者が離脱します	{"viewer": "ryosuke910", "livestream_id": 8764, "error": "ベンチマーク走行が継続できないエラーが発生しました"}
2026-09-22T10:01:26.975Z	warn	isupipe-benchmarker	ライブコメントを配信に投稿できないため、視聴者が離脱します	{"viewer": "yuisuzuki3", "livestream_id": 8781, "error": "ベンチマーク走行が継続できないエラーが発生しました"}
2026-09-22T10:01:26.976Z	warn	isupipe-benchmarker	ライブコメントを配信に投稿できないため、視聴者が離脱します	{"viewer": "saitohiroshi2", "livestream_id": 8169, "error": "ベンチマーク走行が継続できないエラーが発生しました"}
2026-09-22T10:01:26.976Z	warn	isupipe-benchmarker	ライブコメントを配信に投稿できないため、視聴者が離脱します	{"viewer": "eendo1", "livestream_id": 8768, "error": "ベンチマーク走行が継続できないエラーが発生しました"}
2026-09-22T10:01:27.397Z	info	isupipe-benchmarker	ベンチマーク走行終了
2026-09-22T10:01:27.397Z	info	isupipe-benchmarker	最終チェックを実施します
2026-09-22T10:01:27.397Z	info	isupipe-benchmarker	最終チェックが成功しました
2026-09-22T10:01:27.397Z	info	isupipe-benchmarker	重複排除したログを以下に出力します
2026-09-22T10:01:27.402Z	info	isupipe-benchmarker	配信を最後まで視聴できた視聴者数	{"viewers": 2204}
