2026-09-22T10:42:28.091Z	info	isupipe-benchmarker	SSL接続が有効になっています
2026-09-22T10:42:28.091Z	info	isupipe-benchmarker	静的ファイルチェックを行います
2026-09-22T10:42:28.091Z	info	isupipe-benchmarker	静的ファイルチェックが完了しました
2026-09-22T10:42:28.091Z	info	isupipe-benchmarker	webappの初期化を行います
2026-09-22T10:42:30.803Z	info	isupipe-benchmarker	ベンチマーク走行前のデータ整合性チェックを行います
2026-09-22T10:42:35.149Z	info	isupipe-benchmarker	整合性チェックが成功しました
2026-09-22T10:42:35.149Z	info	isupipe-benchmarker	ベンチマーク走行を開始します
2026-09-22T10:42:37.160Z	info	isupipe-benchmarker	DNS水責め負荷が上昇します	{"parallelis": 3}
2026-09-22T10:42:39.160Z	info	isupipe-benchmarker	DNS水責め負荷が上昇します	{"parallelis": 4}
2026-09-22T10:42:41.160Z	info	isupipe-benchmarker	DNS水責め負荷が上昇します	{"parallelis": 6}
2026-09-22T10:42:43.160Z	info	isupipe-benchmarker	DNS水責め負荷が上昇します	{"parallelis": 9}
2026-09-22T10:42:45.160Z	info	isupipe-benchmarker	DNS水責め負荷が上昇します	{"parallelis": 13}
2026-09-22T10:42:47.160Z	info	isupipe-benchmarker	DNS水責め負荷が上昇します	{"parallelis": 15}
2026-09-22T10:43:35.149Z	info	isupipe-benchmarker	ベンチマーク走行を停止します
2026-09-22T10:43:35.150Z	warn	isupipe-benchmarker	ライブコメントを配信に投稿できないため、視聴者が離脱します	{"viewer": "isakamoto1", "livestream_id": 8014, "error": "ベンチマーク走行が継続できないエラーが発生しました"}
2026-09-22T10:43:35.151Z	warn	isupipe-benchmarker	ライブコメントを配信に投稿できないため、視聴者が離脱します	{"viewer": "watanabeshohei0", "livestream_id": 7696, "error": "ベンチマーク走行が継続できないエラーが発生しました"}
2026-09-22T10:43:35.151Z	warn	isupipe-benchmarker	ライブコメントを配信に投稿できないため、視聴者が離脱します	{"viewer": "naotoyamazaki0", "livestream_id": 7678, "error": "ベンチマーク走行が継続できないエラーが発生しました"}
2026-09-22T10:43:35.151Z	warn	isupipe-benchmarker	ライブコメントを配信に投稿できないため、視聴者が離脱します	{"viewer": "rtakahashi0", "livestream_id": 8387, "error": "ベンチマーク走行が継続できないエラーが発生しました"}
2026-09-22T10:43:35.151Z	warn	isupipe-benchmarker	ライブコメントを配信に投稿できないため、視聴者が離脱します	{"viewer": "yuisuzuki3", "livestream_id": 8028, "error": "ベンチマーク走行が継続できないエラーが発生しました"}
2026-09-22T10:43:35.152Z	warn	isupipe-benchmarker	ライブコメントを配信に投稿できないため、視聴者が離脱します	{"viewer": "rhashimoto3", "livestream_id": 7999, "error": "ベンチマーク走行が継続できないエラーが発生しました"}
2026-09-22T10:43:35.524Z	info	isupipe-benchmarker	ベンチマーク走行終了
2026-09-22T10:43:35.524Z	info	isupipe-benchmarker	最終チェックを実施します
2026-09-22T10:43:35.525Z	info	isupipe-benchmarker	最終チェックが成功しました
2026-09-22T10:43:35.525Z	info	isupipe-benchmarker	重複排除したログを以下に出力します
2026-09-22T10:43:35.531Z	info	isupipe-benchmarker	配信を最後まで視聴できた視聴者数	{"viewers": 3548}
