2026-09-22T10:34:05.091Z	info	isupipe-benchmarker	SSL接続が有効になっています
2026-09-22T10:34:05.091Z	info	isupipe-benchmarker	静的ファイルチェックを行います
2026-09-22T10:34:05.091Z	info	isupipe-benchmarker	静的ファイルチェックが完了しました
2026-09-22T10:34:05.091Z	info	isupipe-benchmarker	webappの初期化を行います
2026-09-22T10:34:07.857Z	info	isupipe-benchmarker	ベンチマーク走行前のデータ整合性チェックを行います
2026-09-22T10:34:12.182Z	info	isupipe-benchmarker	整合性チェックが成功しました
2026-09-22T10:34:12.182Z	info	isupipe-benchmarker	ベンチマーク走行を開始します
2026-09-22T10:34:14.190Z	info	isupipe-benchmarker	DNS水責め負荷が上昇します	{"parallelis": 3}
2026-09-22T10:34:16.190Z	info	isupipe-benchmarker	DNS水責め負荷が上昇します	{"parallelis": 4}
2026-09-22T10:34:18.190Z	info	isupipe-benchmarker	DNS水責め負荷が上昇します	{"parallelis": 6}
2026-09-22T10:34:20.191Z	info	isupipe-benchmarker	DNS水責め負荷が上昇します	{"parallelis": 9}
2026-09-22T10:34:22.190Z	info	isupipe-benchmarker	DNS水責め負荷が上昇します	{"parallelis": 13}
2026-09-22T10:34:24.190Z	info	isupipe-benchmarker	DNS水責め負荷が上昇します	{"parallelis": 15}
2026-09-22T10:35:12.182Z	info	isupipe-benchmarker	ベンチマーク走行を停止します
2026-09-22T10:35:12.184Z	warn	isupipe-benchmarker	ライブコメントを配信に投稿できないため、視聴者が離脱します	{"viewer": "osamu640", "livestream_id": 8607, "error": "ベンチマーク走行が継続できないエラーが発生しました"}
2026-09-22T10:35:12.184Z	warn	isupipe-benchmarker	ライブコメントを配信に投稿できないため、視聴者が離脱します	{"viewer": "tanakaasuka0", "livestream_id": 7915, "error": "ベンチマーク走行が継続できないエラーが発生しました"}
2026-09-22T10:35:12.184Z	warn	isupipe-benchmarker	ライブコメントを配信に投稿できないため、視聴者が離脱します	{"viewer": "ikedaakira0", "livestream_id": 8591, "error": "ベンチマーク走行が継続できないエラーが発生しました"}
2026-09-22T10:35:12.184Z	warn	isupipe-benchmarker	ライブコメントを配信に投稿できないため、視聴者が離脱します	{"viewer": "kenichikobayashi0", "livestream_id": 8557, "error": "ベンチマーク走行が継続できないエラーが発生しました"}
2026-09-22T10:35:12.185Z	warn	isupipe-benchmarker	ライブコメントを配信に投稿できないため、視聴者が離脱します	{"viewer": "yoichikimura0", "livestream_id": 8606, "error": "ベンチマーク走行が継続できないエラーが発生しました"}
2026-09-22T10:35:12.185Z	warn	isupipe-benchmarker	ライブコメントを配信に投稿できないため、視聴者が離脱します	{"viewer": "maaya530", "livestream_id": 8176, "error": "ベンチマーク走行が継続できないエラーが発生しました"}
2026-09-22T10:35:12.567Z	info	isupipe-benchmarker	ベンチマーク走行終了
2026-09-22T10:35:12.567Z	info	isupipe-benchmarker	最終チェックを実施します
2026-09-22T10:35:12.567Z	info	isupipe-benchmarker	最終チェックが成功しました
2026-09-22T10:35:12.567Z	info	isupipe-benchmarker	重複排除したログを以下に出力します
2026-09-22T10:35:12.572Z	info	isupipe-benchmarker	配信を最後まで視聴できた視聴者数	{"viewers": 3349}
