2026-09-22T10:55:53.543Z	info	isupipe-benchmarker	SSL接続が有効になっています
2026-09-22T10:55:53.543Z	info	isupipe-benchmarker	静的ファイルチェックを行います
2026-09-22T10:55:53.543Z	info	isupipe-benchmarker	静的ファイルチェックが完了しました
2026-09-22T10:55:53.543Z	info	isupipe-benchmarker	webappの初期化を行います
2026-09-22T10:55:56.269Z	info	isupipe-benchmarker	ベンチマーク走行前のデータ整合性チェックを行います
2026-09-22T10:56:00.607Z	info	isupipe-benchmarker	整合性チェックが成功しました
2026-09-22T10:56:00.607Z	info	isupipe-benchmarker	ベンチマーク走行を開始します
2026-09-22T10:56:02.618Z	info	isupipe-benchmarker	DNS水責め負荷が上昇します	{"parallelis": 3}
2026-09-22T10:56:04.618Z	info	isupipe-benchmarker	DNS水責め負荷が上昇します	{"parallelis": 4}
2026-09-22T10:56:06.618Z	info	isupipe-benchmarker	DNS水責め負荷が上昇します	{"parallelis": 6}
2026-09-22T10:56:08.618Z	info	isupipe-benchmarker	DNS水責め負荷が上昇します	{"parallelis": 9}
2026-09-22T10:56:10.618Z	info	isupipe-benchmarker	DNS水責め負荷が上昇します	{"parallelis": 13}
2026-09-22T10:56:12.618Z	info	isupipe-benchmarker	DNS水責め負荷が上昇します	{"parallelis": 15}
2026-09-22T10:57:00.668Z	info	isupipe-benchmarker	ベンチマーク走行を停止します
2026-09-22T10:57:00.669Z	warn	isupipe-benchmarker	ライブコメントを配信に投稿できないため、視聴者が離脱します	{"viewer": "htakahashi2", "livestream_id": 7808, "error": "ベンチマーク走行が継続できないエラーが発生しました"}
2026-09-22T10:57:00.669Z	warn	isupipe-benchmarker	ライブコメントを配信に投稿できないため、視聴者が離脱します	{"viewer": "rsuzuki2", "livestream_id": 8066, "error": "ベンチマーク走行が継続できないエラーが発生しました"}
2026-09-22T10:57:00.669Z	warn	isupipe-benchmarker	ライブコメントを配信に投稿できないため、視聴者が離脱します	{"viewer": "naokoyamaguchi1", "livestream_id": 8071, "error": "ベンチマーク走行が継続できないエラーが発生しました"}
2026-09-22T10:57:00.670Z	warn	isupipe-benchmarker	ライブコメントを配信に投稿できないため、視聴者が離脱します	{"viewer": "hiroshimatsumoto0", "livestream_id": 7688, "error": "ベンチマーク走行が継続できないエラーが発生しました"}
2026-09-22T10:57:00.976Z	info	isupipe-benchmarker	ベンチマーク走行終了
2026-09-22T10:57:00.976Z	info	isupipe-benchmarker	最終チェックを実施します
2026-09-22T10:57:00.976Z	info	isupipe-benchmarker	最終チェックが成功しました
2026-09-22T10:57:00.976Z	info	isupipe-benchmarker	重複排除したログを以下に出力します
2026-09-22T10:57:00.983Z	info	isupipe-benchmarker	配信を最後まで視聴できた視聴者数	{"viewers": 3611}
