2026-09-22T09:40:30.916Z	info	isupipe-benchmarker	SSL接続が有効になっています
2026-09-22T09:40:30.916Z	info	isupipe-benchmarker	静的ファイルチェックを行います
2026-09-22T09:40:30.916Z	info	isupipe-benchmarker	静的ファイルチェックが完了しました
2026-09-22T09:40:30.916Z	info	isupipe-benchmarker	webappの初期化を行います
2026-09-22T09:40:33.593Z	info	isupipe-benchmarker	ベンチマーク走行前のデータ整合性チェックを行います
2026-09-22T09:40:37.951Z	info	isupipe-benchmarker	整合性チェックが成功しました
2026-09-22T09:40:37.951Z	info	isupipe-benchmarker	ベンチマーク走行を開始します
2026-09-22T09:40:39.960Z	info	isupipe-benchmarker	DNS水責め負荷が上昇します	{"parallelis": 3}
2026-09-22T09:40:41.960Z	info	isupipe-benchmarker	DNS水責め負荷が上昇します	{"parallelis": 4}
2026-09-22T09:40:43.960Z	info	isupipe-benchmarker	DNS水責め負荷が上昇します	{"parallelis": 6}
2026-09-22T09:40:45.960Z	info	isupipe-benchmarker	DNS水責め負荷が上昇します	{"parallelis": 9}
2026-09-22T09:40:47.961Z	info	isupipe-benchmarker	DNS水責め負荷が上昇します	{"parallelis": 13}
2026-09-22T09:40:49.960Z	info	isupipe-benchmarker	DNS水責め負荷が上昇します	{"parallelis": 15}
2026-09-22T09:41:37.952Z	info	isupipe-benchmarker	ベンチマーク走行を停止します
2026-09-22T09:41:37.952Z	warn	isupipe-benchmarker	ライブコメントを配信に投稿できないため、視聴者が離脱します	{"viewer": "chiyonakajima0", "livestream_id": 7833, "error": "ベンチマーク走行が継続できないエラーが発生しました"}
2026-09-22T09:41:37.952Z	warn	isupipe-benchmarker	ライブコメントを配信に投稿できないため、視聴者が離脱します	{"viewer": "chiyo620", "livestream_id": 8065, "error": "ベンチマーク走行が継続できないエラーが発生しました"}
2026-09-22T09:41:37.953Z	warn	isupipe-benchmarker	ライブコメントを配信に投稿できないため、視聴者が離脱します	{"viewer": "moritomoya0", "livestream_id": 7667, "error": "ベンチマーク走行が継続できないエラーが発生しました"}
2026-09-22T09:41:37.953Z	warn	isupipe-benchmarker	ライブコメントを配信に投稿できないため、視聴者が離脱します	{"viewer": "yuisato0", "livestream_id": 7692, "error": "ベンチマーク走行が継続できないエラーが発生しました"}
2026-09-22T09:41:37.953Z	warn	isupipe-benchmarker	ライブコメントを配信に投稿できないため、視聴者が離脱します	{"viewer": "xyoshida2", "livestream_id": 8095, "error": "ベンチマーク走行が継続できないエラーが発生しました"}
2026-09-22T09:41:38.409Z	info	isupipe-benchmarker	ベンチマーク走行終了
2026-09-22T09:41:38.409Z	info	isupipe-benchmarker	最終チェックを実施します
2026-09-22T09:41:38.409Z	info	isupipe-benchmarker	最終チェックが成功しました
2026-09-22T09:41:38.409Z	info	isupipe-benchmarker	重複排除したログを以下に出力します
2026-09-22T09:41:38.413Z	info	isupipe-benchmarker	配信を最後まで視聴できた視聴者数	{"viewers": 2046}
