2026-09-22T10:05:34.677Z	info	isupipe-benchmarker	SSL接続が有効になっています
2026-09-22T10:05:34.677Z	info	isupipe-benchmarker	静的ファイルチェックを行います
2026-09-22T10:05:34.677Z	info	isupipe-benchmarker	静的ファイルチェックが完了しました
2026-09-22T10:05:34.677Z	info	isupipe-benchmarker	webappの初期化を行います
2026-09-22T10:05:37.329Z	info	isupipe-benchmarker	ベンチマーク走行前のデータ整合性チェックを行います
2026-09-22T10:05:41.682Z	info	isupipe-benchmarker	整合性チェックが成功しました
2026-09-22T10:05:41.682Z	info	isupipe-benchmarker	ベンチマーク走行を開始します
2026-09-22T10:05:43.693Z	info	isupipe-benchmarker	DNS水責め負荷が上昇します	{"parallelis": 3}
2026-09-22T10:05:45.693Z	info	isupipe-benchmarker	DNS水責め負荷が上昇します	{"parallelis": 4}
2026-09-22T10:05:47.694Z	info	isupipe-benchmarker	DNS水責め負荷が上昇します	{"parallelis": 6}
2026-09-22T10:05:49.694Z	info	isupipe-benchmarker	DNS水責め負荷が上昇します	{"parallelis": 9}
2026-09-22T10:05:51.693Z	info	isupipe-benchmarker	DNS水責め負荷が上昇します	{"parallelis": 13}
2026-09-22T10:05:53.693Z	info	isupipe-benchmarker	DNS水責め負荷が上昇します	{"parallelis": 15}
2026-09-22T10:06:41.686Z	info	isupipe-benchmarker	ベンチマーク走行を停止します
2026-09-22T10:06:41.687Z	warn	isupipe-benchmarker	ライブコメントを配信に投稿できないため、視聴者が離脱します	{"viewer": "mikikobayashi1", "livestream_id": 8171, "error": "ベンチマーク走行が継続できないエラーが発生しました"}
2026-09-22T10:06:41.687Z	warn	isupipe-benchmarker	ライブコメントを配信に投稿できないため、視聴者が離脱します	{"viewer": "naotosato1", "livestream_id": 8767, "error": "ベンチマーク走行が継続できないエラーが発生しました"}
2026-09-22T10:06:41.688Z	warn	isupipe-benchmarker	ライブコメントを配信に投稿できないため、視聴者が離脱します	{"viewer": "yamaguchisayuri1", "livestream_id": 8168, "error": "ベンチマーク走行が継続できないエラーが発生しました"}
2026-09-22T10:06:41.688Z	warn	isupipe-benchmarker	ライブコメントを配信に投稿できないため、視聴者が離脱します	{"viewer": "satomi211", "livestream_id": 8709, "error": "ベンチマーク走行が継続できないエラーが発生しました"}
2026-09-22T10:06:41.688Z	warn	isupipe-benchmarker	ライブコメントを配信に投稿できないため、視聴者が離脱します	{"viewer": "jmurakami3", "livestream_id": 8192, "error": "ベンチマーク走行が継続できないエラーが発生しました"}
2026-09-22T10:06:41.688Z	warn	isupipe-benchmarker	ライブコメントを配信に投稿できないため、視聴者が離脱します	{"viewer": "naoko260", "livestream_id": 7839, "error": "ベンチマーク走行が継続できないエラーが発生しました"}
2026-09-22T10:06:42.115Z	info	isupipe-benchmarker	ベンチマーク走行終了
2026-09-22T10:06:42.115Z	info	isupipe-benchmarker	最終チェックを実施します
2026-09-22T10:06:42.115Z	info	isupipe-benchmarker	最終チェックが成功しました
2026-09-22T10:06:42.115Z	info	isupipe-benchmarker	重複排除したログを以下に出力します
2026-09-22T10:06:42.120Z	info	isupipe-benchmarker	配信を最後まで視聴できた視聴者数	{"viewers": 2190}
