2026-09-22T11:18:08.734Z	info	isupipe-benchmarker	SSL接続が有効になっています
2026-09-22T11:18:08.734Z	info	isupipe-benchmarker	静的ファイルチェックを行います
2026-09-22T11:18:08.734Z	info	isupipe-benchmarker	静的ファイルチェックが完了しました
2026-09-22T11:18:08.734Z	info	isupipe-benchmarker	webappの初期化を行います
2026-09-22T11:18:11.477Z	info	isupipe-benchmarker	ベンチマーク走行前のデータ整合性チェックを行います
2026-09-22T11:18:15.818Z	info	isupipe-benchmarker	整合性チェックが成功しました
2026-09-22T11:18:15.818Z	info	isupipe-benchmarker	ベンチマーク走行を開始します
2026-09-22T11:18:17.828Z	info	isupipe-benchmarker	DNS水責め負荷が上昇します	{"parallelis": 3}
2026-09-22T11:18:19.828Z	info	isupipe-benchmarker	DNS水責め負荷が上昇します	{"parallelis": 4}
2026-09-22T11:18:21.828Z	info	isupipe-benchmarker	DNS水責め負荷が上昇します	{"parallelis": 6}
2026-09-22T11:18:23.828Z	info	isupipe-benchmarker	DNS水責め負荷が上昇します	{"parallelis": 9}
2026-09-22T11:18:25.828Z	info	isupipe-benchmarker	DNS水責め負荷が上昇します	{"parallelis": 13}
2026-09-22T11:18:27.828Z	info	isupipe-benchmarker	DNS水責め負荷が上昇します	{"parallelis": 15}
2026-09-22T11:19:15.818Z	info	isupipe-benchmarker	ベンチマーク走行を停止します
2026-09-22T11:19:15.819Z	warn	isupipe-benchmarker	ライブコメントを配信に投稿できないため、視聴者が離脱します	{"viewer": "yui590", "livestream_id": 8496, "error": "ベンチマーク走行が継続できないエラーが発生しました"}
2026-09-22T11:19:15.819Z	warn	isupipe-benchmarker	ライブコメントを配信に投稿できないため、視聴者が離脱します	{"viewer": "cmori2", "livestream_id": 7731, "error": "ベンチマーク走行が継続できないエラーが発生しました"}
2026-09-22T11:19:15.819Z	warn	isupipe-benchmarker	ライブコメントを配信に投稿できないため、視聴者が離脱します	{"viewer": "yosukematsumoto0", "livestream_id": 7595, "error": "ベンチマーク走行が継続できないエラーが発生しました"}
2026-09-22T11:19:15.819Z	warn	isupipe-benchmarker	ライブコメントを配信に投稿できないため、視聴者が離脱します	{"viewer": "ymiura0", "livestream_id": 8570, "error": "ベンチマーク走行が継続できないエラーが発生しました"}
2026-09-22T11:19:15.820Z	warn	isupipe-benchmarker	ライブコメントを配信に投稿できないため、視聴者が離脱します	{"viewer": "yoshidakyosuke1", "livestream_id": 7853, "error": "ベンチマーク走行が継続できないエラーが発生しました"}
2026-09-22T11:19:15.821Z	warn	isupipe-benchmarker	ライブコメントを配信に投稿できないため、視聴者が離脱します	{"viewer": "xyoshida2", "livestream_id": 7708, "error": "ベンチマーク走行が継続できないエラーが発生しました"}
2026-09-22T11:19:16.189Z	info	isupipe-benchmarker	ベンチマーク走行終了
2026-09-22T11:19:16.189Z	info	isupipe-benchmarker	最終チェックを実施します
2026-09-22T11:19:16.189Z	info	isupipe-benchmarker	最終チェックが成功しました
2026-09-22T11:19:16.189Z	info	isupipe-benchmarker	重複排除したログを以下に出力します
2026-09-22T11:19:16.194Z	info	isupipe-benchmarker	配信を最後まで視聴できた視聴者数	{"viewers": 3582}
