2026-09-22T09:27:05.181Z	info	isupipe-benchmarker	SSL接続が有効になっています
2026-09-22T09:27:05.182Z	info	isupipe-benchmarker	静的ファイルチェックを行います
2026-09-22T09:27:05.182Z	info	isupipe-benchmarker	静的ファイルチェックが完了しました
2026-09-22T09:27:05.182Z	info	isupipe-benchmarker	webappの初期化を行います
2026-09-22T09:27:07.853Z	info	isupipe-benchmarker	ベンチマーク走行前のデータ整合性チェックを行います
2026-09-22T09:27:12.291Z	info	isupipe-benchmarker	整合性チェックが成功しました
2026-09-22T09:27:12.291Z	info	isupipe-benchmarker	ベンチマーク走行を開始します
2026-09-22T09:27:14.302Z	info	isupipe-benchmarker	DNS水責め負荷が上昇します	{"parallelis": 3}
2026-09-22T09:27:16.302Z	info	isupipe-benchmarker	DNS水責め負荷が上昇します	{"parallelis": 4}
2026-09-22T09:27:18.301Z	info	isupipe-benchmarker	DNS水責め負荷が上昇します	{"parallelis": 6}
2026-09-22T09:27:20.302Z	info	isupipe-benchmarker	DNS水責め負荷が上昇します	{"parallelis": 9}
2026-09-22T09:27:22.301Z	info	isupipe-benchmarker	DNS水責め負荷が上昇します	{"parallelis": 13}
2026-09-22T09:27:24.301Z	info	isupipe-benchmarker	DNS水責め負荷が上昇します	{"parallelis": 15}
2026-09-22T09:28:12.292Z	info	isupipe-benchmarker	ベンチマーク走行を停止します
2026-09-22T09:28:12.293Z	warn	isupipe-benchmarker	ライブコメントを配信に投稿できないため、視聴者が離脱します	{"viewer": "takumaendo0", "livestream_id": 8014, "error": "ベンチマーク走行が継続できないエラーが発生しました"}
2026-09-22T09:28:12.293Z	warn	isupipe-benchmarker	ライブコメントを配信に投稿できないため、視聴者が離脱します	{"viewer": "manabu110", "livestream_id": 8489, "error": "ベンチマーク走行が継続できないエラーが発生しました"}
2026-09-22T09:28:12.294Z	warn	isupipe-benchmarker	ライブコメントを配信に投稿できないため、視聴者が離脱します	{"viewer": "mai640", "livestream_id": 8060, "error": "ベンチマーク走行が継続できないエラーが発生しました"}
2026-09-22T09:28:12.294Z	warn	isupipe-benchmarker	ライブコメントを配信に投稿できないため、視聴者が離脱します	{"viewer": "maayatanaka2", "livestream_id": 7540, "error": "ベンチマーク走行が継続できないエラーが発生しました"}
2026-09-22T09:28:12.804Z	info	isupipe-benchmarker	ベンチマーク走行終了
2026-09-22T09:28:12.806Z	info	isupipe-benchmarker	最終チェックを実施します
2026-09-22T09:28:12.806Z	info	isupipe-benchmarker	最終チェックが成功しました
2026-09-22T09:28:12.806Z	info	isupipe-benchmarker	重複排除したログを以下に出力します
2026-09-22T09:28:12.809Z	info	isupipe-benchmarker	配信を最後まで視聴できた視聴者数	{"viewers": 1965}
