2026-09-22T10:07:21.493Z	info	isupipe-benchmarker	SSL接続が有効になっています
2026-09-22T10:07:21.493Z	info	isupipe-benchmarker	静的ファイルチェックを行います
2026-09-22T10:07:21.493Z	info	isupipe-benchmarker	静的ファイルチェックが完了しました
2026-09-22T10:07:21.493Z	info	isupipe-benchmarker	webappの初期化を行います
2026-09-22T10:07:24.274Z	info	isupipe-benchmarker	ベンチマーク走行前のデータ整合性チェックを行います
2026-09-22T10:07:28.629Z	info	isupipe-benchmarker	整合性チェックが成功しました
2026-09-22T10:07:28.629Z	info	isupipe-benchmarker	ベンチマーク走行を開始します
2026-09-22T10:07:30.640Z	info	isupipe-benchmarker	DNS水責め負荷が上昇します	{"parallelis": 3}
2026-09-22T10:07:32.640Z	info	isupipe-benchmarker	DNS水責め負荷が上昇します	{"parallelis": 4}
2026-09-22T10:07:34.640Z	info	isupipe-benchmarker	DNS水責め負荷が上昇します	{"parallelis": 6}
2026-09-22T10:07:36.640Z	info	isupipe-benchmarker	DNS水責め負荷が上昇します	{"parallelis": 9}
2026-09-22T10:07:38.640Z	info	isupipe-benchmarker	DNS水責め負荷が上昇します	{"parallelis": 13}
2026-09-22T10:07:40.640Z	info	isupipe-benchmarker	DNS水責め負荷が上昇します	{"parallelis": 15}
2026-09-22T10:08:28.637Z	info	isupipe-benchmarker	ベンチマーク走行を停止します
2026-09-22T10:08:28.638Z	warn	isupipe-benchmarker	ライブコメントを配信に投稿できないため、視聴者が離脱します	{"viewer": "saitoyoko1", "livestream_id": 8089, "error": "ベンチマーク走行が継続できないエラーが発生しました"}
2026-09-22T10:08:28.638Z	warn	isupipe-benchmarker	ライブコメントを配信に投稿できないため、視聴者が離脱します	{"viewer": "hidekifujita0", "livestream_id": 8150, "error": "ベンチマーク走行が継続できないエラーが発生しました"}
2026-09-22T10:08:28.638Z	warn	isupipe-benchmarker	ライブコメントを配信に投稿できないため、視聴者が離脱します	{"viewer": "takuma370", "livestream_id": 8681, "error": "ベンチマーク走行が継続できないエラーが発生しました"}
2026-09-22T10:08:29.067Z	info	isupipe-benchmarker	ベンチマーク走行終了
2026-09-22T10:08:29.068Z	info	isupipe-benchmarker	最終チェックを実施します
2026-09-22T10:08:29.068Z	info	isupipe-benchmarker	最終チェックが成功しました
2026-09-22T10:08:29.068Z	info	isupipe-benchmarker	重複排除したログを以下に出力します
2026-09-22T10:08:29.073Z	info	isupipe-benchmarker	配信を最後まで視聴できた視聴者数	{"viewers": 2162}
