2026-09-22T10:30:12.962Z	info	isupipe-benchmarker	SSL接続が有効になっています
2026-09-22T10:30:12.962Z	info	isupipe-benchmarker	静的ファイルチェックを行います
2026-09-22T10:30:12.962Z	info	isupipe-benchmarker	静的ファイルチェックが完了しました
2026-09-22T10:30:12.962Z	info	isupipe-benchmarker	webappの初期化を行います
2026-09-22T10:30:15.701Z	info	isupipe-benchmarker	ベンチマーク走行前のデータ整合性チェックを行います
2026-09-22T10:30:20.027Z	info	isupipe-benchmarker	整合性チェックが成功しました
2026-09-22T10:30:20.028Z	info	isupipe-benchmarker	ベンチマーク走行を開始します
2026-09-22T10:30:22.038Z	info	isupipe-benchmarker	DNS水責め負荷が上昇します	{"parallelis": 3}
2026-09-22T10:30:24.038Z	info	isupipe-benchmarker	DNS水責め負荷が上昇します	{"parallelis": 4}
2026-09-22T10:30:26.038Z	info	isupipe-benchmarker	DNS水責め負荷が上昇します	{"parallelis": 6}
2026-09-22T10:30:28.038Z	info	isupipe-benchmarker	DNS水責め負荷が上昇します	{"parallelis": 9}
2026-09-22T10:30:30.038Z	info	isupipe-benchmarker	DNS水責め負荷が上昇します	{"parallelis": 13}
2026-09-22T10:30:32.038Z	info	isupipe-benchmarker	DNS水責め負荷が上昇します	{"parallelis": 15}
2026-09-22T10:31:20.028Z	info	isupipe-benchmarker	ベンチマーク走行を停止します
2026-09-22T10:31:20.029Z	warn	isupipe-benchmarker	ライブコメントを配信に投稿できないため、視聴者が離脱します	{"viewer": "rikasakamoto1", "livestream_id": 7664, "error": "ベンチマーク走行が継続できないエラーが発生しました"}
2026-09-22T10:31:20.029Z	warn	isupipe-benchmarker	ライブコメントを配信に投稿できないため、視聴者が離脱します	{"viewer": "osamu081", "livestream_id": 8398, "error": "ベンチマーク走行が継続できないエラーが発生しました"}
2026-09-22T10:31:20.029Z	warn	isupipe-benchmarker	ライブコメントを配信に投稿できないため、視聴者が離脱します	{"viewer": "eyoshida1", "livestream_id": 8361, "error": "ベンチマーク走行が継続できないエラーが発生しました"}
2026-09-22T10:31:20.029Z	warn	isupipe-benchmarker	ライブコメントを配信に投稿できないため、視聴者が離脱します	{"viewer": "yasuhirotakahashi2", "livestream_id": 7755, "error": "ベンチマーク走行が継続できないエラーが発生しました"}
2026-09-22T10:31:20.029Z	warn	isupipe-benchmarker	ライブコメントを配信に投稿できないため、視聴者が離脱します	{"viewer": "suzukimanabu1", "livestream_id": 8019, "error": "ベンチマーク走行が継続できないエラーが発生しました"}
2026-09-22T10:31:20.030Z	warn	isupipe-benchmarker	ライブコメントを配信に投稿できないため、視聴者が離脱します	{"viewer": "tanakamituru0", "livestream_id": 8337, "error": "ベンチマーク走行が継続できないエラーが発生しました"}
2026-09-22T10:31:20.425Z	info	isupipe-benchmarker	ベンチマーク走行終了
2026-09-22T10:31:20.425Z	info	isupipe-benchmarker	最終チェックを実施します
2026-09-22T10:31:20.425Z	info	isupipe-benchmarker	最終チェックが成功しました
2026-09-22T10:31:20.425Z	info	isupipe-benchmarker	重複排除したログを以下に出力します
2026-09-22T10:31:20.428Z	info	isupipe-benchmarker	配信を最後まで視聴できた視聴者数	{"viewers": 2978}
