2026-09-22T09:33:11.332Z	info	isupipe-benchmarker	SSL接続が有効になっています
2026-09-22T09:33:11.332Z	info	isupipe-benchmarker	静的ファイルチェックを行います
2026-09-22T09:33:11.332Z	info	isupipe-benchmarker	静的ファイルチェックが完了しました
2026-09-22T09:33:11.332Z	info	isupipe-benchmarker	webappの初期化を行います
2026-09-22T09:33:13.969Z	info	isupipe-benchmarker	ベンチマーク走行前のデータ整合性チェックを行います
2026-09-22T09:33:18.371Z	info	isupipe-benchmarker	整合性チェックが成功しました
2026-09-22T09:33:18.371Z	info	isupipe-benchmarker	ベンチマーク走行を開始します
2026-09-22T09:33:20.383Z	info	isupipe-benchmarker	DNS水責め負荷が上昇します	{"parallelis": 3}
2026-09-22T09:33:22.383Z	info	isupipe-benchmarker	DNS水責め負荷が上昇します	{"parallelis": 4}
2026-09-22T09:33:24.383Z	info	isupipe-benchmarker	DNS水責め負荷が上昇します	{"parallelis": 6}
2026-09-22T09:33:26.383Z	info	isupipe-benchmarker	DNS水責め負荷が上昇します	{"parallelis": 9}
2026-09-22T09:33:28.383Z	info	isupipe-benchmarker	DNS水責め負荷が上昇します	{"parallelis": 13}
2026-09-22T09:33:28.935Z	warn	isupipe-benchmarker	ライブコメントを配信に投稿できないため、視聴者が離脱します	{"viewer": "chiyo570", "livestream_id": 7650, "error": "benchmark-application: [一般エラー] POST /api/livestream/7650/livecomment へのリクエストに対して、期待されたHTTPステータスコードが確認できませんでした (expected:201, actual:500)"}
2026-09-22T09:33:30.383Z	info	isupipe-benchmarker	DNS水責め負荷が上昇します	{"parallelis": 15}
2026-09-22T09:34:05.119Z	warn	isupipe-benchmarker	ライブコメントを配信に投稿できないため、視聴者が離脱します	{"viewer": "hashimotorei0", "livestream_id": 8444, "error": "benchmark-application: [一般エラー] POST /api/livestream/8444/livecomment へのリクエストに対して、期待されたHTTPステータスコードが確認できませんでした (expected:201, actual:500)"}
2026-09-22T09:34:18.371Z	info	isupipe-benchmarker	ベンチマーク走行を停止します
2026-09-22T09:34:18.761Z	info	isupipe-benchmarker	ベンチマーク走行終了
2026-09-22T09:34:18.761Z	info	isupipe-benchmarker	最終チェックを実施します
2026-09-22T09:34:18.762Z	info	isupipe-benchmarker	最終チェックが成功しました
2026-09-22T09:34:18.762Z	info	isupipe-benchmarker	重複排除したログを以下に出力します
2026-09-22T09:34:18.763Z	info	isupipe-benchmarker	配信を最後まで視聴できた視聴者数	{"viewers": 1910}
