2026-09-22T09:05:09.946Z	info	isupipe-benchmarker	SSL接続が有効になっています
2026-09-22T09:05:09.946Z	info	isupipe-benchmarker	静的ファイルチェックを行います
2026-09-22T09:05:09.946Z	info	isupipe-benchmarker	静的ファイルチェックが完了しました
2026-09-22T09:05:09.946Z	info	isupipe-benchmarker	webappの初期化を行います
2026-09-22T09:05:12.541Z	info	isupipe-benchmarker	ベンチマーク走行前のデータ整合性チェックを行います
2026-09-22T09:05:17.458Z	info	isupipe-benchmarker	整合性チェックが成功しました
2026-09-22T09:05:17.458Z	info	isupipe-benchmarker	ベンチマーク走行を開始します
2026-09-22T09:05:19.469Z	info	isupipe-benchmarker	DNS水責め負荷が上昇します	{"parallelis": 3}
2026-09-22T09:05:21.469Z	info	isupipe-benchmarker	DNS水責め負荷が上昇します	{"parallelis": 4}
2026-09-22T09:05:23.469Z	info	isupipe-benchmarker	DNS水責め負荷が上昇します	{"parallelis": 6}
2026-09-22T09:05:25.469Z	info	isupipe-benchmarker	DNS水責め負荷が上昇します	{"parallelis": 9}
2026-09-22T09:05:27.469Z	info	isupipe-benchmarker	DNS水責め負荷が上昇します	{"parallelis": 13}
2026-09-22T09:05:29.469Z	info	isupipe-benchmarker	DNS水責め負荷が上昇します	{"parallelis": 15}
2026-09-22T09:06:17.458Z	info	isupipe-benchmarker	ベンチマーク走行を停止します
2026-09-22T09:06:17.459Z	warn	isupipe-benchmarker	ライブコメントを配信に投稿できないため、視聴者が離脱します	{"viewer": "momokomatsuda0", "livestream_id": 7525, "error": "ベンチマーク走行が継続できないエラーが発生しました"}
2026-09-22T09:06:17.460Z	warn	isupipe-benchmarker	ライブコメントを配信に投稿できないため、視聴者が離脱します	{"viewer": "mituru181", "livestream_id": 7954, "error": "ベンチマーク走行が継続できないエラーが発生しました"}
2026-09-22T09:06:17.460Z	warn	isupipe-benchmarker	ライブコメントを配信に投稿できないため、視聴者が離脱します	{"viewer": "hkato0", "livestream_id": 7948, "error": "ベンチマーク走行が継続できないエラーが発生しました"}
2026-09-22T09:06:18.223Z	info	isupipe-benchmarker	ベンチマーク走行終了
2026-09-22T09:06:18.223Z	info	isupipe-benchmarker	最終チェックを実施します
2026-09-22T09:06:18.223Z	info	isupipe-benchmarker	最終チェックが成功しました
2026-09-22T09:06:18.223Z	info	isupipe-benchmarker	重複排除したログを以下に出力します
2026-09-22T09:06:18.223Z	info	isupipe-benchmarker	配信を最後まで視聴できた視聴者数	{"viewers": 789}
