2026-09-22T10:32:03.395Z	info	isupipe-benchmarker	SSL接続が有効になっています
2026-09-22T10:32:03.395Z	info	isupipe-benchmarker	静的ファイルチェックを行います
2026-09-22T10:32:03.395Z	info	isupipe-benchmarker	静的ファイルチェックが完了しました
2026-09-22T10:32:03.395Z	info	isupipe-benchmarker	webappの初期化を行います
2026-09-22T10:32:06.058Z	info	isupipe-benchmarker	ベンチマーク走行前のデータ整合性チェックを行います
2026-09-22T10:32:10.381Z	info	isupipe-benchmarker	整合性チェックが成功しました
2026-09-22T10:32:10.381Z	info	isupipe-benchmarker	ベンチマーク走行を開始します
2026-09-22T10:32:12.393Z	info	isupipe-benchmarker	DNS水責め負荷が上昇します	{"parallelis": 3}
2026-09-22T10:32:14.392Z	info	isupipe-benchmarker	DNS水責め負荷が上昇します	{"parallelis": 4}
2026-09-22T10:32:16.392Z	info	isupipe-benchmarker	DNS水責め負荷が上昇します	{"parallelis": 6}
2026-09-22T10:32:18.393Z	info	isupipe-benchmarker	DNS水責め負荷が上昇します	{"parallelis": 9}
2026-09-22T10:32:20.392Z	info	isupipe-benchmarker	DNS水責め負荷が上昇します	{"parallelis": 13}
2026-09-22T10:32:22.393Z	info	isupipe-benchmarker	DNS水責め負荷が上昇します	{"parallelis": 15}
2026-09-22T10:33:10.381Z	info	isupipe-benchmarker	ベンチマーク走行を停止します
2026-09-22T10:33:10.382Z	warn	isupipe-benchmarker	ライブコメントを配信に投稿できないため、視聴者が離脱します	{"viewer": "taro010", "livestream_id": 8383, "error": "ベンチマーク走行が継続できないエラーが発生しました"}
2026-09-22T10:33:10.382Z	warn	isupipe-benchmarker	ライブコメントを配信に投稿できないため、視聴者が離脱します	{"viewer": "suzukimiki4", "livestream_id": 8416, "error": "ベンチマーク走行が継続できないエラーが発生しました"}
2026-09-22T10:33:10.382Z	warn	isupipe-benchmarker	ライブコメントを配信に投稿できないため、視聴者が離脱します	{"viewer": "pokamoto0", "livestream_id": 8429, "error": "ベンチマーク走行が継続できないエラーが発生しました"}
2026-09-22T10:33:10.382Z	warn	isupipe-benchmarker	ライブコメントを配信に投稿できないため、視聴者が離脱します	{"viewer": "satotaichi0", "livestream_id": 8022, "error": "ベンチマーク走行が継続できないエラーが発生しました"}
2026-09-22T10:33:10.382Z	warn	isupipe-benchmarker	ライブコメントを配信に投稿できないため、視聴者が離脱します	{"viewer": "momoko860", "livestream_id": 7700, "error": "ベンチマーク走行が継続できないエラーが発生しました"}
2026-09-22T10:33:10.382Z	warn	isupipe-benchmarker	ライブコメントを配信に投稿できないため、視聴者が離脱します	{"viewer": "kenichitakahashi0", "livestream_id": 7631, "error": "ベンチマーク走行が継続できないエラーが発生しました"}
2026-09-22T10:33:10.383Z	warn	isupipe-benchmarker	ライブコメントを配信に投稿できないため、視聴者が離脱します	{"viewer": "satomikato1", "livestream_id": 7826, "error": "ベンチマーク走行が継続できないエラーが発生しました"}
2026-09-22T10:33:10.770Z	info	isupipe-benchmarker	ベンチマーク走行終了
2026-09-22T10:33:10.770Z	info	isupipe-benchmarker	最終チェックを実施します
2026-09-22T10:33:10.770Z	info	isupipe-benchmarker	最終チェックが成功しました
2026-09-22T10:33:10.770Z	info	isupipe-benchmarker	重複排除したログを以下に出力します
2026-09-22T10:33:10.775Z	info	isupipe-benchmarker	配信を最後まで視聴できた視聴者数	{"viewers": 3125}
