2026-09-22T10:58:28.106Z	info	isupipe-benchmarker	SSL接続が有効になっています
2026-09-22T10:58:28.106Z	info	isupipe-benchmarker	静的ファイルチェックを行います
2026-09-22T10:58:28.106Z	info	isupipe-benchmarker	静的ファイルチェックが完了しました
2026-09-22T10:58:28.106Z	info	isupipe-benchmarker	webappの初期化を行います
2026-09-22T10:58:30.868Z	info	isupipe-benchmarker	ベンチマーク走行前のデータ整合性チェックを行います
2026-09-22T10:58:35.220Z	info	isupipe-benchmarker	整合性チェックが成功しました
2026-09-22T10:58:35.220Z	info	isupipe-benchmarker	ベンチマーク走行を開始します
2026-09-22T10:58:37.230Z	info	isupipe-benchmarker	DNS水責め負荷が上昇します	{"parallelis": 3}
2026-09-22T10:58:39.230Z	info	isupipe-benchmarker	DNS水責め負荷が上昇します	{"parallelis": 4}
2026-09-22T10:58:41.230Z	info	isupipe-benchmarker	DNS水責め負荷が上昇します	{"parallelis": 6}
2026-09-22T10:58:43.230Z	info	isupipe-benchmarker	DNS水責め負荷が上昇します	{"parallelis": 9}
2026-09-22T10:58:45.230Z	info	isupipe-benchmarker	DNS水責め負荷が上昇します	{"parallelis": 13}
2026-09-22T10:58:47.230Z	info	isupipe-benchmarker	DNS水責め負荷が上昇します	{"parallelis": 15}
2026-09-22T10:59:35.237Z	info	isupipe-benchmarker	ベンチマーク走行を停止します
2026-09-22T10:59:35.238Z	warn	isupipe-benchmarker	ライブコメントを配信に投稿できないため、視聴者が離脱します	{"viewer": "bsuzuki2", "livestream_id": 7556, "error": "ベンチマーク走行が継続できないエラーが発生しました"}
2026-09-22T10:59:35.238Z	warn	isupipe-benchmarker	ライブコメントを配信に投稿できないため、視聴者が離脱します	{"viewer": "yosukesuzuki1", "livestream_id": 8502, "error": "ベンチマーク走行が継続できないエラーが発生しました"}
2026-09-22T10:59:35.239Z	warn	isupipe-benchmarker	ライブコメントを配信に投稿できないため、視聴者が離脱します	{"viewer": "minoru671", "livestream_id": 8460, "error": "ベンチマーク走行が継続できないエラーが発生しました"}
2026-09-22T10:59:35.606Z	info	isupipe-benchmarker	ベンチマーク走行終了
2026-09-22T10:59:35.606Z	info	isupipe-benchmarker	最終チェックを実施します
2026-09-22T10:59:35.606Z	info	isupipe-benchmarker	最終チェックが成功しました
2026-09-22T10:59:35.606Z	info	isupipe-benchmarker	重複排除したログを以下に出力します
2026-09-22T10:59:35.613Z	info	isupipe-benchmarker	配信を最後まで視聴できた視聴者数	{"viewers": 3589}
