2026-09-22T10:24:57.515Z	info	isupipe-benchmarker	SSL接続が有効になっています
2026-09-22T10:24:57.515Z	info	isupipe-benchmarker	静的ファイルチェックを行います
2026-09-22T10:24:57.515Z	info	isupipe-benchmarker	静的ファイルチェックが完了しました
2026-09-22T10:24:57.515Z	info	isupipe-benchmarker	webappの初期化を行います
2026-09-22T10:25:00.106Z	info	isupipe-benchmarker	ベンチマーク走行前のデータ整合性チェックを行います
2026-09-22T10:25:04.448Z	info	isupipe-benchmarker	整合性チェックが成功しました
2026-09-22T10:25:04.448Z	info	isupipe-benchmarker	ベンチマーク走行を開始します
2026-09-22T10:25:06.457Z	info	isupipe-benchmarker	DNS水責め負荷が上昇します	{"parallelis": 3}
2026-09-22T10:25:08.457Z	info	isupipe-benchmarker	DNS水責め負荷が上昇します	{"parallelis": 4}
2026-09-22T10:25:10.457Z	info	isupipe-benchmarker	DNS水責め負荷が上昇します	{"parallelis": 6}
2026-09-22T10:25:12.457Z	info	isupipe-benchmarker	DNS水責め負荷が上昇します	{"parallelis": 9}
2026-09-22T10:25:14.457Z	info	isupipe-benchmarker	DNS水責め負荷が上昇します	{"parallelis": 13}
2026-09-22T10:25:16.457Z	info	isupipe-benchmarker	DNS水責め負荷が上昇します	{"parallelis": 15}
2026-09-22T10:26:04.449Z	info	isupipe-benchmarker	ベンチマーク走行を停止します
2026-09-22T10:26:04.450Z	warn	isupipe-benchmarker	ライブコメントを配信に投稿できないため、視聴者が離脱します	{"viewer": "dwatanabe2", "livestream_id": 8693, "error": "ベンチマーク走行が継続できないエラーが発生しました"}
2026-09-22T10:26:04.450Z	warn	isupipe-benchmarker	ライブコメントを配信に投稿できないため、視聴者が離脱します	{"viewer": "inouenanami1", "livestream_id": 8746, "error": "ベンチマーク走行が継続できないエラーが発生しました"}
2026-09-22T10:26:04.450Z	warn	isupipe-benchmarker	ライブコメントを配信に投稿できないため、視聴者が離脱します	{"viewer": "btakahashi2", "livestream_id": 8732, "error": "ベンチマーク走行が継続できないエラーが発生しました"}
2026-09-22T10:26:04.450Z	warn	isupipe-benchmarker	ライブコメントを配信に投稿できないため、視聴者が離脱します	{"viewer": "eendo1", "livestream_id": 8176, "error": "ベンチマーク走行が継続できないエラーが発生しました"}
2026-09-22T10:26:04.908Z	info	isupipe-benchmarker	ベンチマーク走行終了
2026-09-22T10:26:04.908Z	info	isupipe-benchmarker	最終チェックを実施します
2026-09-22T10:26:04.908Z	info	isupipe-benchmarker	最終チェックが成功しました
2026-09-22T10:26:04.908Z	info	isupipe-benchmarker	重複排除したログを以下に出力します
2026-09-22T10:26:04.912Z	info	isupipe-benchmarker	配信を最後まで視聴できた視聴者数	{"viewers": 2728}
