2026-09-22T09:38:27.183Z	info	isupipe-benchmarker	SSL接続が有効になっています
2026-09-22T09:38:27.183Z	info	isupipe-benchmarker	静的ファイルチェックを行います
2026-09-22T09:38:27.183Z	info	isupipe-benchmarker	静的ファイルチェックが完了しました
2026-09-22T09:38:27.183Z	info	isupipe-benchmarker	webappの初期化を行います
2026-09-22T09:38:29.760Z	info	isupipe-benchmarker	ベンチマーク走行前のデータ整合性チェックを行います
2026-09-22T09:38:34.120Z	info	isupipe-benchmarker	整合性チェックが成功しました
2026-09-22T09:38:34.120Z	info	isupipe-benchmarker	ベンチマーク走行を開始します
2026-09-22T09:38:36.130Z	info	isupipe-benchmarker	DNS水責め負荷が上昇します	{"parallelis": 3}
2026-09-22T09:38:38.130Z	info	isupipe-benchmarker	DNS水責め負荷が上昇します	{"parallelis": 4}
2026-09-22T09:38:40.130Z	info	isupipe-benchmarker	DNS水責め負荷が上昇します	{"parallelis": 6}
2026-09-22T09:38:42.130Z	info	isupipe-benchmarker	DNS水責め負荷が上昇します	{"parallelis": 9}
2026-09-22T09:38:44.130Z	info	isupipe-benchmarker	DNS水責め負荷が上昇します	{"parallelis": 13}
2026-09-22T09:38:46.130Z	info	isupipe-benchmarker	DNS水責め負荷が上昇します	{"parallelis": 15}
2026-09-22T09:39:34.120Z	info	isupipe-benchmarker	ベンチマーク走行を停止します
2026-09-22T09:39:34.121Z	warn	isupipe-benchmarker	ライブコメントを配信に投稿できないため、視聴者が離脱します	{"viewer": "rtakahashi0", "livestream_id": 8674, "error": "ベンチマーク走行が継続できないエラーが発生しました"}
2026-09-22T09:39:34.121Z	warn	isupipe-benchmarker	ライブコメントを配信に投稿できないため、視聴者が離脱します	{"viewer": "ayamaguchi0", "livestream_id": 8680, "error": "ベンチマーク走行が継続できないエラーが発生しました"}
2026-09-22T09:39:34.121Z	warn	isupipe-benchmarker	ライブコメントを配信に投稿できないため、視聴者が離脱します	{"viewer": "naoto330", "livestream_id": 7826, "error": "ベンチマーク走行が継続できないエラーが発生しました"}
2026-09-22T09:39:34.122Z	warn	isupipe-benchmarker	ライブコメントを配信に投稿できないため、視聴者が離脱します	{"viewer": "cinoue1", "livestream_id": 7840, "error": "ベンチマーク走行が継続できないエラーが発生しました"}
2026-09-22T09:39:34.122Z	warn	isupipe-benchmarker	ライブコメントを配信に投稿できないため、視聴者が離脱します	{"viewer": "kobayashisotaro0", "livestream_id": 8657, "error": "ベンチマーク走行が継続できないエラーが発生しました"}
2026-09-22T09:39:34.122Z	warn	isupipe-benchmarker	ライブコメントを配信に投稿できないため、視聴者が離脱します	{"viewer": "hidekinakamura1", "livestream_id": 7808, "error": "ベンチマーク走行が継続できないエラーが発生しました"}
2026-09-22T09:39:34.577Z	info	isupipe-benchmarker	ベンチマーク走行終了
2026-09-22T09:39:34.577Z	info	isupipe-benchmarker	最終チェックを実施します
2026-09-22T09:39:34.577Z	info	isupipe-benchmarker	最終チェックが成功しました
2026-09-22T09:39:34.577Z	info	isupipe-benchmarker	重複排除したログを以下に出力します
2026-09-22T09:39:34.581Z	info	isupipe-benchmarker	配信を最後まで視聴できた視聴者数	{"viewers": 2128}
