2026-09-22T11:24:54.163Z	info	isupipe-benchmarker	SSL接続が有効になっています
2026-09-22T11:24:54.163Z	info	isupipe-benchmarker	静的ファイルチェックを行います
2026-09-22T11:24:54.163Z	info	isupipe-benchmarker	静的ファイルチェックが完了しました
2026-09-22T11:24:54.163Z	info	isupipe-benchmarker	webappの初期化を行います
2026-09-22T11:24:56.886Z	info	isupipe-benchmarker	ベンチマーク走行前のデータ整合性チェックを行います
2026-09-22T11:25:01.231Z	info	isupipe-benchmarker	整合性チェックが成功しました
2026-09-22T11:25:01.231Z	info	isupipe-benchmarker	ベンチマーク走行を開始します
2026-09-22T11:25:03.242Z	info	isupipe-benchmarker	DNS水責め負荷が上昇します	{"parallelis": 3}
2026-09-22T11:25:05.242Z	info	isupipe-benchmarker	DNS水責め負荷が上昇します	{"parallelis": 4}
2026-09-22T11:25:07.242Z	info	isupipe-benchmarker	DNS水責め負荷が上昇します	{"parallelis": 6}
2026-09-22T11:25:09.242Z	info	isupipe-benchmarker	DNS水責め負荷が上昇します	{"parallelis": 9}
2026-09-22T11:25:11.242Z	info	isupipe-benchmarker	DNS水責め負荷が上昇します	{"parallelis": 13}
2026-09-22T11:25:13.242Z	info	isupipe-benchmarker	DNS水責め負荷が上昇します	{"parallelis": 15}
2026-09-22T11:26:01.231Z	info	isupipe-benchmarker	ベンチマーク走行を停止します
2026-09-22T11:26:01.233Z	warn	isupipe-benchmarker	ライブコメントを配信に投稿できないため、視聴者が離脱します	{"viewer": "rito2", "livestream_id": 7867, "error": "ベンチマーク走行が継続できないエラーが発生しました"}
2026-09-22T11:26:01.233Z	warn	isupipe-benchmarker	ライブコメントを配信に投稿できないため、視聴者が離脱します	{"viewer": "yuta310", "livestream_id": 7879, "error": "ベンチマーク走行が継続できないエラーが発生しました"}
2026-09-22T11:26:01.233Z	warn	isupipe-benchmarker	ライブコメントを配信に投稿できないため、視聴者が離脱します	{"viewer": "naoko681", "livestream_id": 7641, "error": "ベンチマーク走行が継続できないエラーが発生しました"}
2026-09-22T11:26:01.233Z	warn	isupipe-benchmarker	ライブコメントを配信に投稿できないため、視聴者が離脱します	{"viewer": "isato4", "livestream_id": 8487, "error": "ベンチマーク走行が継続できないエラーが発生しました"}
2026-09-22T11:26:01.233Z	warn	isupipe-benchmarker	ライブコメントを配信に投稿できないため、視聴者が離脱します	{"viewer": "taichiyoshida0", "livestream_id": 8129, "error": "ベンチマーク走行が継続できないエラーが発生しました"}
2026-09-22T11:26:01.234Z	warn	isupipe-benchmarker	ライブコメントを配信に投稿できないため、視聴者が離脱します	{"viewer": "mikako040", "livestream_id": 7638, "error": "ベンチマーク走行が継続できないエラーが発生しました"}
2026-09-22T11:26:01.582Z	info	isupipe-benchmarker	ベンチマーク走行終了
2026-09-22T11:26:01.582Z	info	isupipe-benchmarker	最終チェックを実施します
2026-09-22T11:26:01.582Z	info	isupipe-benchmarker	最終チェックが成功しました
2026-09-22T11:26:01.582Z	info	isupipe-benchmarker	重複排除したログを以下に出力します
2026-09-22T11:26:01.589Z	info	isupipe-benchmarker	配信を最後まで視聴できた視聴者数	{"viewers": 3572}
