2026-09-22T10:12:06.636Z	info	isupipe-benchmarker	SSL接続が有効になっています
2026-09-22T10:12:06.636Z	info	isupipe-benchmarker	静的ファイルチェックを行います
2026-09-22T10:12:06.636Z	info	isupipe-benchmarker	静的ファイルチェックが完了しました
2026-09-22T10:12:06.636Z	info	isupipe-benchmarker	webappの初期化を行います
2026-09-22T10:12:09.395Z	info	isupipe-benchmarker	ベンチマーク走行前のデータ整合性チェックを行います
2026-09-22T10:12:13.751Z	info	isupipe-benchmarker	整合性チェックが成功しました
2026-09-22T10:12:13.751Z	info	isupipe-benchmarker	ベンチマーク走行を開始します
2026-09-22T10:12:15.761Z	info	isupipe-benchmarker	DNS水責め負荷が上昇します	{"parallelis": 3}
2026-09-22T10:12:17.761Z	info	isupipe-benchmarker	DNS水責め負荷が上昇します	{"parallelis": 4}
2026-09-22T10:12:19.761Z	info	isupipe-benchmarker	DNS水責め負荷が上昇します	{"parallelis": 6}
2026-09-22T10:12:21.761Z	info	isupipe-benchmarker	DNS水責め負荷が上昇します	{"parallelis": 9}
2026-09-22T10:12:23.761Z	info	isupipe-benchmarker	DNS水責め負荷が上昇します	{"parallelis": 13}
2026-09-22T10:12:25.761Z	info	isupipe-benchmarker	DNS水責め負荷が上昇します	{"parallelis": 15}
2026-09-22T10:13:13.752Z	info	isupipe-benchmarker	ベンチマーク走行を停止します
2026-09-22T10:13:13.753Z	warn	isupipe-benchmarker	ライブコメントを配信に投稿できないため、視聴者が離脱します	{"viewer": "manabu530", "livestream_id": 8765, "error": "ベンチマーク走行が継続できないエラーが発生しました"}
2026-09-22T10:13:13.753Z	warn	isupipe-benchmarker	ライブコメントを配信に投稿できないため、視聴者が離脱します	{"viewer": "nhayashi1", "livestream_id": 8181, "error": "ベンチマーク走行が継続できないエラーが発生しました"}
2026-09-22T10:13:13.753Z	warn	isupipe-benchmarker	ライブコメントを配信に投稿できないため、視聴者が離脱します	{"viewer": "lsato2", "livestream_id": 8766, "error": "ベンチマーク走行が継続できないエラーが発生しました"}
2026-09-22T10:13:13.755Z	warn	isupipe-benchmarker	ライブコメントを配信に投稿できないため、視聴者が離脱します	{"viewer": "matsudaminoru0", "livestream_id": 7877, "error": "ベンチマーク走行が継続できないエラーが発生しました"}
2026-09-22T10:13:13.755Z	warn	isupipe-benchmarker	ライブコメントを配信に投稿できないため、視聴者が離脱します	{"viewer": "gsaito1", "livestream_id": 8761, "error": "ベンチマーク走行が継続できないエラーが発生しました"}
2026-09-22T10:13:13.755Z	warn	isupipe-benchmarker	ライブコメントを配信に投稿できないため、視聴者が離脱します	{"viewer": "hidekinakamura1", "livestream_id": 7579, "error": "ベンチマーク走行が継続できないエラーが発生しました"}
2026-09-22T10:13:13.755Z	warn	isupipe-benchmarker	ライブコメントを配信に投稿できないため、視聴者が離脱します	{"viewer": "ishiimikako0", "livestream_id": 8771, "error": "ベンチマーク走行が継続できないエラーが発生しました"}
2026-09-22T10:13:14.199Z	info	isupipe-benchmarker	ベンチマーク走行終了
2026-09-22T10:13:14.199Z	info	isupipe-benchmarker	最終チェックを実施します
2026-09-22T10:13:14.200Z	info	isupipe-benchmarker	最終チェックが成功しました
2026-09-22T10:13:14.200Z	info	isupipe-benchmarker	重複排除したログを以下に出力します
2026-09-22T10:13:14.203Z	info	isupipe-benchmarker	配信を最後まで視聴できた視聴者数	{"viewers": 2144}
