2026-09-22T11:15:35.487Z	info	isupipe-benchmarker	SSL接続が有効になっています
2026-09-22T11:15:35.487Z	info	isupipe-benchmarker	静的ファイルチェックを行います
2026-09-22T11:15:35.487Z	info	isupipe-benchmarker	静的ファイルチェックが完了しました
2026-09-22T11:15:35.487Z	info	isupipe-benchmarker	webappの初期化を行います
2026-09-22T11:15:38.209Z	info	isupipe-benchmarker	ベンチマーク走行前のデータ整合性チェックを行います
2026-09-22T11:15:42.556Z	info	isupipe-benchmarker	整合性チェックが成功しました
2026-09-22T11:15:42.556Z	info	isupipe-benchmarker	ベンチマーク走行を開始します
2026-09-22T11:15:44.565Z	info	isupipe-benchmarker	DNS水責め負荷が上昇します	{"parallelis": 3}
2026-09-22T11:15:46.565Z	info	isupipe-benchmarker	DNS水責め負荷が上昇します	{"parallelis": 4}
2026-09-22T11:15:48.565Z	info	isupipe-benchmarker	DNS水責め負荷が上昇します	{"parallelis": 6}
2026-09-22T11:15:50.566Z	info	isupipe-benchmarker	DNS水責め負荷が上昇します	{"parallelis": 9}
2026-09-22T11:15:52.567Z	info	isupipe-benchmarker	DNS水責め負荷が上昇します	{"parallelis": 13}
2026-09-22T11:15:54.565Z	info	isupipe-benchmarker	DNS水責め負荷が上昇します	{"parallelis": 15}
2026-09-22T11:16:07.690Z	warn	isupipe-benchmarker	ライブコメントを配信に投稿できないため、視聴者が離脱します	{"viewer": "hiroshinakamura0", "livestream_id": 8528, "error": "benchmark-application: [一般エラー] POST /api/livestream/8528/livecomment へのリクエストに対して、期待されたHTTPステータスコードが確認できませんでした (expected:201, actual:400)"}
2026-09-22T11:16:42.556Z	info	isupipe-benchmarker	ベンチマーク走行を停止します
2026-09-22T11:16:42.559Z	warn	isupipe-benchmarker	ライブコメントを配信に投稿できないため、視聴者が離脱します	{"viewer": "kenichisato2", "livestream_id": 8547, "error": "ベンチマーク走行が継続できないエラーが発生しました"}
2026-09-22T11:16:42.559Z	warn	isupipe-benchmarker	ライブコメントを配信に投稿できないため、視聴者が離脱します	{"viewer": "sayurisasaki0", "livestream_id": 8551, "error": "ベンチマーク走行が継続できないエラーが発生しました"}
2026-09-22T11:16:42.566Z	warn	isupipe-benchmarker	ライブコメントを配信に投稿できないため、視聴者が離脱します	{"viewer": "taronishimura0", "livestream_id": 8501, "error": "ベンチマーク走行が継続できないエラーが発生しました"}
2026-09-22T11:16:42.938Z	info	isupipe-benchmarker	ベンチマーク走行終了
2026-09-22T11:16:42.938Z	info	isupipe-benchmarker	最終チェックを実施します
2026-09-22T11:16:42.938Z	info	isupipe-benchmarker	最終チェックが成功しました
2026-09-22T11:16:42.938Z	info	isupipe-benchmarker	重複排除したログを以下に出力します
2026-09-22T11:16:42.946Z	info	isupipe-benchmarker	配信を最後まで視聴できた視聴者数	{"viewers": 3563}
