2026-09-22T11:35:02.462Z	info	isupipe-benchmarker	SSL接続が有効になっています
2026-09-22T11:35:02.462Z	info	isupipe-benchmarker	静的ファイルチェックを行います
2026-09-22T11:35:02.462Z	info	isupipe-benchmarker	静的ファイルチェックが完了しました
2026-09-22T11:35:02.462Z	info	isupipe-benchmarker	webappの初期化を行います
2026-09-22T11:35:05.208Z	info	isupipe-benchmarker	ベンチマーク走行前のデータ整合性チェックを行います
2026-09-22T11:35:09.567Z	info	isupipe-benchmarker	整合性チェックが成功しました
2026-09-22T11:35:09.567Z	info	isupipe-benchmarker	ベンチマーク走行を開始します
2026-09-22T11:35:11.577Z	info	isupipe-benchmarker	DNS水責め負荷が上昇します	{"parallelis": 3}
2026-09-22T11:35:13.577Z	info	isupipe-benchmarker	DNS水責め負荷が上昇します	{"parallelis": 4}
2026-09-22T11:35:15.577Z	info	isupipe-benchmarker	DNS水責め負荷が上昇します	{"parallelis": 6}
2026-09-22T11:35:17.577Z	info	isupipe-benchmarker	DNS水責め負荷が上昇します	{"parallelis": 9}
2026-09-22T11:35:19.577Z	info	isupipe-benchmarker	DNS水責め負荷が上昇します	{"parallelis": 13}
2026-09-22T11:35:21.577Z	info	isupipe-benchmarker	DNS水責め負荷が上昇します	{"parallelis": 15}
2026-09-22T11:36:09.575Z	info	isupipe-benchmarker	ベンチマーク走行を停止します
2026-09-22T11:36:09.575Z	warn	isupipe-benchmarker	ライブコメントを配信に投稿できないため、視聴者が離脱します	{"viewer": "yamamototaichi1", "livestream_id": 8494, "error": "ベンチマーク走行が継続できないエラーが発生しました"}
2026-09-22T11:36:09.575Z	warn	isupipe-benchmarker	ライブコメントを配信に投稿できないため、視聴者が離脱します	{"viewer": "xnishimura1", "livestream_id": 8056, "error": "ベンチマーク走行が継続できないエラーが発生しました"}
2026-09-22T11:36:09.575Z	warn	isupipe-benchmarker	ライブコメントを配信に投稿できないため、視聴者が離脱します	{"viewer": "satomi450", "livestream_id": 7690, "error": "ベンチマーク走行が継続できないエラーが発生しました"}
2026-09-22T11:36:09.575Z	warn	isupipe-benchmarker	ライブコメントを配信に投稿できないため、視聴者が離脱します	{"viewer": "naoko260", "livestream_id": 8538, "error": "ベンチマーク走行が継続できないエラーが発生しました"}
2026-09-22T11:36:09.576Z	warn	isupipe-benchmarker	ライブコメントを配信に投稿できないため、視聴者が離脱します	{"viewer": "yosukesuzuki1", "livestream_id": 8541, "error": "ベンチマーク走行が継続できないエラーが発生しました"}
2026-09-22T11:36:09.576Z	warn	isupipe-benchmarker	ライブコメントを配信に投稿できないため、視聴者が離脱します	{"viewer": "yamamotoharuka1", "livestream_id": 7681, "error": "ベンチマーク走行が継続できないエラーが発生しました"}
2026-09-22T11:36:09.576Z	warn	isupipe-benchmarker	ライブコメントを配信に投稿できないため、視聴者が離脱します	{"viewer": "ayamaguchi0", "livestream_id": 7617, "error": "ベンチマーク走行が継続できないエラーが発生しました"}
2026-09-22T11:36:09.932Z	info	isupipe-benchmarker	ベンチマーク走行終了
2026-09-22T11:36:09.932Z	info	isupipe-benchmarker	最終チェックを実施します
2026-09-22T11:36:09.933Z	info	isupipe-benchmarker	最終チェックが成功しました
2026-09-22T11:36:09.933Z	info	isupipe-benchmarker	重複排除したログを以下に出力します
2026-09-22T11:36:09.939Z	info	isupipe-benchmarker	配信を最後まで視聴できた視聴者数	{"viewers": 3461}
