2026-09-22T10:02:12.983Z	info	isupipe-benchmarker	SSL接続が有効になっています
2026-09-22T10:02:12.983Z	info	isupipe-benchmarker	静的ファイルチェックを行います
2026-09-22T10:02:12.983Z	info	isupipe-benchmarker	静的ファイルチェックが完了しました
2026-09-22T10:02:12.983Z	info	isupipe-benchmarker	webappの初期化を行います
2026-09-22T10:02:15.672Z	info	isupipe-benchmarker	ベンチマーク走行前のデータ整合性チェックを行います
2026-09-22T10:02:20.029Z	info	isupipe-benchmarker	整合性チェックが成功しました
2026-09-22T10:02:20.029Z	info	isupipe-benchmarker	ベンチマーク走行を開始します
2026-09-22T10:02:22.039Z	info	isupipe-benchmarker	DNS水責め負荷が上昇します	{"parallelis": 3}
2026-09-22T10:02:24.038Z	info	isupipe-benchmarker	DNS水責め負荷が上昇します	{"parallelis": 4}
2026-09-22T10:02:26.038Z	info	isupipe-benchmarker	DNS水責め負荷が上昇します	{"parallelis": 6}
2026-09-22T10:02:28.038Z	info	isupipe-benchmarker	DNS水責め負荷が上昇します	{"parallelis": 9}
2026-09-22T10:02:30.038Z	info	isupipe-benchmarker	DNS水責め負荷が上昇します	{"parallelis": 13}
2026-09-22T10:02:32.038Z	info	isupipe-benchmarker	DNS水責め負荷が上昇します	{"parallelis": 15}
2026-09-22T10:03:20.029Z	info	isupipe-benchmarker	ベンチマーク走行を停止します
2026-09-22T10:03:20.031Z	warn	isupipe-benchmarker	ライブコメントを配信に投稿できないため、視聴者が離脱します	{"viewer": "yumikoshimizu0", "livestream_id": 7615, "error": "ベンチマーク走行が継続できないエラーが発生しました"}
2026-09-22T10:03:20.031Z	warn	isupipe-benchmarker	ライブコメントを配信に投稿できないため、視聴者が離脱します	{"viewer": "kyosukeaoki0", "livestream_id": 7687, "error": "ベンチマーク走行が継続できないエラーが発生しました"}
2026-09-22T10:03:20.031Z	warn	isupipe-benchmarker	ライブコメントを配信に投稿できないため、視聴者が離脱します	{"viewer": "yasuhiro270", "livestream_id": 8097, "error": "ベンチマーク走行が継続できないエラーが発生しました"}
2026-09-22T10:03:20.404Z	info	isupipe-benchmarker	ベンチマーク走行終了
2026-09-22T10:03:20.406Z	info	isupipe-benchmarker	最終チェックを実施します
2026-09-22T10:03:20.406Z	info	isupipe-benchmarker	最終チェックが成功しました
2026-09-22T10:03:20.406Z	info	isupipe-benchmarker	重複排除したログを以下に出力します
2026-09-22T10:03:20.411Z	info	isupipe-benchmarker	配信を最後まで視聴できた視聴者数	{"viewers": 2438}
