2026-09-22T10:46:46.227Z	info	isupipe-benchmarker	SSL接続が有効になっています
2026-09-22T10:46:46.227Z	info	isupipe-benchmarker	静的ファイルチェックを行います
2026-09-22T10:46:46.227Z	info	isupipe-benchmarker	静的ファイルチェックが完了しました
2026-09-22T10:46:46.227Z	info	isupipe-benchmarker	webappの初期化を行います
2026-09-22T10:46:49.018Z	info	isupipe-benchmarker	ベンチマーク走行前のデータ整合性チェックを行います
2026-09-22T10:46:53.370Z	info	isupipe-benchmarker	整合性チェックが成功しました
2026-09-22T10:46:53.370Z	info	isupipe-benchmarker	ベンチマーク走行を開始します
2026-09-22T10:46:55.381Z	info	isupipe-benchmarker	DNS水責め負荷が上昇します	{"parallelis": 3}
2026-09-22T10:46:57.381Z	info	isupipe-benchmarker	DNS水責め負荷が上昇します	{"parallelis": 4}
2026-09-22T10:46:59.381Z	info	isupipe-benchmarker	DNS水責め負荷が上昇します	{"parallelis": 6}
2026-09-22T10:47:01.381Z	info	isupipe-benchmarker	DNS水責め負荷が上昇します	{"parallelis": 9}
2026-09-22T10:47:03.381Z	info	isupipe-benchmarker	DNS水責め負荷が上昇します	{"parallelis": 13}
2026-09-22T10:47:05.381Z	info	isupipe-benchmarker	DNS水責め負荷が上昇します	{"parallelis": 15}
2026-09-22T10:47:53.370Z	info	isupipe-benchmarker	ベンチマーク走行を停止します
2026-09-22T10:47:53.372Z	warn	isupipe-benchmarker	ライブコメントを配信に投稿できないため、視聴者が離脱します	{"viewer": "kaoritanaka2", "livestream_id": 8037, "error": "ベンチマーク走行が継続できないエラーが発生しました"}
2026-09-22T10:47:53.372Z	warn	isupipe-benchmarker	ライブコメントを配信に投稿できないため、視聴者が離脱します	{"viewer": "itotsubasa0", "livestream_id": 8396, "error": "ベンチマーク走行が継続できないエラーが発生しました"}
2026-09-22T10:47:53.372Z	warn	isupipe-benchmarker	ライブコメントを配信に投稿できないため、視聴者が離脱します	{"viewer": "satomimatsumoto0", "livestream_id": 8466, "error": "ベンチマーク走行が継続できないエラーが発生しました"}
2026-09-22T10:47:53.752Z	info	isupipe-benchmarker	ベンチマーク走行終了
2026-09-22T10:47:53.752Z	info	isupipe-benchmarker	最終チェックを実施します
2026-09-22T10:47:53.752Z	info	isupipe-benchmarker	最終チェックが成功しました
2026-09-22T10:47:53.752Z	info	isupipe-benchmarker	重複排除したログを以下に出力します
2026-09-22T10:47:53.759Z	info	isupipe-benchmarker	配信を最後まで視聴できた視聴者数	{"viewers": 3562}
