2026-09-22T09:50:52.720Z	info	isupipe-benchmarker	SSL接続が有効になっています
2026-09-22T09:50:52.720Z	info	isupipe-benchmarker	静的ファイルチェックを行います
2026-09-22T09:50:52.720Z	info	isupipe-benchmarker	静的ファイルチェックが完了しました
2026-09-22T09:50:52.720Z	info	isupipe-benchmarker	webappの初期化を行います
2026-09-22T09:50:55.365Z	info	isupipe-benchmarker	ベンチマーク走行前のデータ整合性チェックを行います
2026-09-22T09:50:59.728Z	info	isupipe-benchmarker	整合性チェックが成功しました
2026-09-22T09:50:59.728Z	info	isupipe-benchmarker	ベンチマーク走行を開始します
2026-09-22T09:51:01.737Z	info	isupipe-benchmarker	DNS水責め負荷が上昇します	{"parallelis": 3}
2026-09-22T09:51:03.737Z	info	isupipe-benchmarker	DNS水責め負荷が上昇します	{"parallelis": 4}
2026-09-22T09:51:05.737Z	info	isupipe-benchmarker	DNS水責め負荷が上昇します	{"parallelis": 6}
2026-09-22T09:51:07.737Z	info	isupipe-benchmarker	DNS水責め負荷が上昇します	{"parallelis": 9}
2026-09-22T09:51:09.737Z	info	isupipe-benchmarker	DNS水責め負荷が上昇します	{"parallelis": 13}
2026-09-22T09:51:11.737Z	info	isupipe-benchmarker	DNS水責め負荷が上昇します	{"parallelis": 15}
2026-09-22T09:51:59.728Z	info	isupipe-benchmarker	ベンチマーク走行を停止します
2026-09-22T09:51:59.730Z	warn	isupipe-benchmarker	ライブコメントを配信に投稿できないため、視聴者が離脱します	{"viewer": "yamazakirei0", "livestream_id": 8684, "error": "ベンチマーク走行が継続できないエラーが発生しました"}
2026-09-22T09:51:59.734Z	warn	isupipe-benchmarker	ライブコメントを配信に投稿できないため、視聴者が離脱します	{"viewer": "ufujii0", "livestream_id": 8651, "error": "ベンチマーク走行が継続できないエラーが発生しました"}
2026-09-22T09:51:59.734Z	warn	isupipe-benchmarker	ライブコメントを配信に投稿できないため、視聴者が離脱します	{"viewer": "inouesayuri0", "livestream_id": 8748, "error": "ベンチマーク走行が継続できないエラーが発生しました"}
2026-09-22T09:51:59.734Z	warn	isupipe-benchmarker	ライブコメントを配信に投稿できないため、視聴者が離脱します	{"viewer": "zkobayashi2", "livestream_id": 7813, "error": "ベンチマーク走行が継続できないエラーが発生しました"}
2026-09-22T09:51:59.734Z	warn	isupipe-benchmarker	ライブコメントを配信に投稿できないため、視聴者が離脱します	{"viewer": "yuisato1", "livestream_id": 8724, "error": "ベンチマーク走行が継続できないエラーが発生しました"}
2026-09-22T09:52:00.153Z	info	isupipe-benchmarker	ベンチマーク走行終了
2026-09-22T09:52:00.153Z	info	isupipe-benchmarker	最終チェックを実施します
2026-09-22T09:52:00.153Z	info	isupipe-benchmarker	最終チェックが成功しました
2026-09-22T09:52:00.153Z	info	isupipe-benchmarker	重複排除したログを以下に出力します
2026-09-22T09:52:00.158Z	info	isupipe-benchmarker	配信を最後まで視聴できた視聴者数	{"viewers": 2121}
