2026-09-22T08:55:59.147Z	info	isupipe-benchmarker	SSL接続が有効になっています
2026-09-22T08:55:59.147Z	info	isupipe-benchmarker	静的ファイルチェックを行います
2026-09-22T08:55:59.147Z	info	isupipe-benchmarker	静的ファイルチェックが完了しました
2026-09-22T08:55:59.147Z	info	isupipe-benchmarker	webappの初期化を行います
2026-09-22T08:56:01.863Z	info	isupipe-benchmarker	ベンチマーク走行前のデータ整合性チェックを行います
2026-09-22T08:56:07.019Z	info	isupipe-benchmarker	整合性チェックが成功しました
2026-09-22T08:56:07.019Z	info	isupipe-benchmarker	ベンチマーク走行を開始します
2026-09-22T08:56:09.030Z	info	isupipe-benchmarker	DNS水責め負荷が上昇します	{"parallelis": 3}
2026-09-22T08:57:07.019Z	info	isupipe-benchmarker	ベンチマーク走行を停止します
2026-09-22T08:57:07.020Z	warn	isupipe-benchmarker	ライブコメントを配信に投稿できないため、視聴者が離脱します	{"viewer": "junishikawa0", "livestream_id": 7561, "error": "Post \"https://mikimatsuda0.u.isucon.local:443/api/livestream/7561/livecomment\": context canceled: ベンチマーク走行が継続できないエラーが発生しました"}
2026-09-22T08:57:07.023Z	warn	isupipe-benchmarker	ライブコメントを配信に投稿できないため、視聴者が離脱します	{"viewer": "yuisuzuki0", "livestream_id": 7533, "error": "Post \"https://reisakamoto0.u.isucon.local:443/api/livestream/7533/livecomment\": context canceled: ベンチマーク走行が継続できないエラーが発生しました"}
2026-09-22T08:57:07.023Z	warn	isupipe-benchmarker	ライブコメントを配信に投稿できないため、視聴者が離脱します	{"viewer": "bhashimoto0", "livestream_id": 7524, "error": "Post \"https://hanako600.u.isucon.local:443/api/livestream/7524/livecomment\": context canceled: ベンチマーク走行が継続できないエラーが発生しました"}
2026-09-22T08:57:07.023Z	warn	isupipe-benchmarker	ライブコメントを配信に投稿できないため、視聴者が離脱します	{"viewer": "kanasato0", "livestream_id": 7540, "error": "Post \"https://jtakahashi0.u.isucon.local:443/api/livestream/7540/livecomment\": context canceled: ベンチマーク走行が継続できないエラーが発生しました"}
2026-09-22T08:57:07.023Z	warn	isupipe-benchmarker	ライブコメントを配信に投稿できないため、視聴者が離脱します	{"viewer": "jwatanabe3", "livestream_id": 7522, "error": "Post \"https://yuitakahashi0.u.isucon.local:443/api/livestream/7522/livecomment\": context canceled: ベンチマーク走行が継続できないエラーが発生しました"}
2026-09-22T08:57:07.024Z	warn	isupipe-benchmarker	ライブコメントを配信に投稿できないため、視聴者が離脱します	{"viewer": "sayuriyamamoto0", "livestream_id": 7726, "error": "Post \"https://osamu490.u.isucon.local:443/api/livestream/7726/livecomment\": context canceled: ベンチマーク走行が継続できないエラーが発生しました"}
2026-09-22T08:57:07.694Z	info	isupipe-benchmarker	ベンチマーク走行終了
2026-09-22T08:57:07.694Z	info	isupipe-benchmarker	最終チェックを実施します
2026-09-22T08:57:07.694Z	info	isupipe-benchmarker	最終チェックが成功しました
2026-09-22T08:57:07.694Z	info	isupipe-benchmarker	重複排除したログを以下に出力します
2026-09-22T08:57:07.694Z	info	isupipe-benchmarker	配信を最後まで視聴できた視聴者数	{"viewers": 531}
