2026-09-22T10:52:30.595Z	info	isupipe-benchmarker	SSL接続が有効になっています
2026-09-22T10:52:30.595Z	info	isupipe-benchmarker	静的ファイルチェックを行います
2026-09-22T10:52:30.595Z	info	isupipe-benchmarker	静的ファイルチェックが完了しました
2026-09-22T10:52:30.595Z	info	isupipe-benchmarker	webappの初期化を行います
2026-09-22T10:52:33.356Z	info	isupipe-benchmarker	ベンチマーク走行前のデータ整合性チェックを行います
2026-09-22T10:52:37.680Z	info	isupipe-benchmarker	整合性チェックが成功しました
2026-09-22T10:52:37.681Z	info	isupipe-benchmarker	ベンチマーク走行を開始します
2026-09-22T10:52:39.691Z	info	isupipe-benchmarker	DNS水責め負荷が上昇します	{"parallelis": 3}
2026-09-22T10:52:41.691Z	info	isupipe-benchmarker	DNS水責め負荷が上昇します	{"parallelis": 4}
2026-09-22T10:52:43.691Z	info	isupipe-benchmarker	DNS水責め負荷が上昇します	{"parallelis": 6}
2026-09-22T10:52:45.691Z	info	isupipe-benchmarker	DNS水責め負荷が上昇します	{"parallelis": 9}
2026-09-22T10:52:47.691Z	info	isupipe-benchmarker	DNS水責め負荷が上昇します	{"parallelis": 13}
2026-09-22T10:52:49.691Z	info	isupipe-benchmarker	DNS水責め負荷が上昇します	{"parallelis": 15}
2026-09-22T10:53:37.681Z	info	isupipe-benchmarker	ベンチマーク走行を停止します
2026-09-22T10:53:37.682Z	warn	isupipe-benchmarker	ライブコメントを配信に投稿できないため、視聴者が離脱します	{"viewer": "hiroshi080", "livestream_id": 8051, "error": "ベンチマーク走行が継続できないエラーが発生しました"}
2026-09-22T10:53:37.682Z	warn	isupipe-benchmarker	ライブコメントを配信に投稿できないため、視聴者が離脱します	{"viewer": "taichiyamada0", "livestream_id": 8439, "error": "ベンチマーク走行が継続できないエラーが発生しました"}
2026-09-22T10:53:37.683Z	warn	isupipe-benchmarker	ライブコメントを配信に投稿できないため、視聴者が離脱します	{"viewer": "ryosuketanaka0", "livestream_id": 7702, "error": "ベンチマーク走行が継続できないエラーが発生しました"}
2026-09-22T10:53:38.033Z	info	isupipe-benchmarker	ベンチマーク走行終了
2026-09-22T10:53:38.033Z	info	isupipe-benchmarker	最終チェックを実施します
2026-09-22T10:53:38.033Z	info	isupipe-benchmarker	最終チェックが成功しました
2026-09-22T10:53:38.033Z	info	isupipe-benchmarker	重複排除したログを以下に出力します
2026-09-22T10:53:38.039Z	info	isupipe-benchmarker	配信を最後まで視聴できた視聴者数	{"viewers": 3545}
