2026-09-22T09:58:26.034Z	info	isupipe-benchmarker	SSL接続が有効になっています
2026-09-22T09:58:26.034Z	info	isupipe-benchmarker	静的ファイルチェックを行います
2026-09-22T09:58:26.034Z	info	isupipe-benchmarker	静的ファイルチェックが完了しました
2026-09-22T09:58:26.034Z	info	isupipe-benchmarker	webappの初期化を行います
2026-09-22T09:58:28.843Z	info	isupipe-benchmarker	ベンチマーク走行前のデータ整合性チェックを行います
2026-09-22T09:58:33.197Z	info	isupipe-benchmarker	整合性チェックが成功しました
2026-09-22T09:58:33.197Z	info	isupipe-benchmarker	ベンチマーク走行を開始します
2026-09-22T09:58:35.207Z	info	isupipe-benchmarker	DNS水責め負荷が上昇します	{"parallelis": 3}
2026-09-22T09:58:37.207Z	info	isupipe-benchmarker	DNS水責め負荷が上昇します	{"parallelis": 4}
2026-09-22T09:58:39.207Z	info	isupipe-benchmarker	DNS水責め負荷が上昇します	{"parallelis": 6}
2026-09-22T09:58:41.207Z	info	isupipe-benchmarker	DNS水責め負荷が上昇します	{"parallelis": 9}
2026-09-22T09:58:43.207Z	info	isupipe-benchmarker	DNS水責め負荷が上昇します	{"parallelis": 13}
2026-09-22T09:58:45.208Z	info	isupipe-benchmarker	DNS水責め負荷が上昇します	{"parallelis": 15}
2026-09-22T09:59:33.197Z	info	isupipe-benchmarker	ベンチマーク走行を停止します
2026-09-22T09:59:33.200Z	warn	isupipe-benchmarker	ライブコメントを配信に投稿できないため、視聴者が離脱します	{"viewer": "yui590", "livestream_id": 7850, "error": "ベンチマーク走行が継続できないエラーが発生しました"}
2026-09-22T09:59:33.200Z	warn	isupipe-benchmarker	ライブコメントを配信に投稿できないため、視聴者が離脱します	{"viewer": "wsuzuki1", "livestream_id": 8712, "error": "ベンチマーク走行が継続できないエラーが発生しました"}
2026-09-22T09:59:33.200Z	warn	isupipe-benchmarker	ライブコメントを配信に投稿できないため、視聴者が離脱します	{"viewer": "shoheikondo0", "livestream_id": 8745, "error": "ベンチマーク走行が継続できないエラーが発生しました"}
2026-09-22T09:59:33.200Z	warn	isupipe-benchmarker	ライブコメントを配信に投稿できないため、視聴者が離脱します	{"viewer": "naoko130", "livestream_id": 7854, "error": "ベンチマーク走行が継続できないエラーが発生しました"}
2026-09-22T09:59:33.619Z	info	isupipe-benchmarker	ベンチマーク走行終了
2026-09-22T09:59:33.619Z	info	isupipe-benchmarker	最終チェックを実施します
2026-09-22T09:59:33.620Z	info	isupipe-benchmarker	最終チェックが成功しました
2026-09-22T09:59:33.620Z	info	isupipe-benchmarker	重複排除したログを以下に出力します
2026-09-22T09:59:33.624Z	info	isupipe-benchmarker	配信を最後まで視聴できた視聴者数	{"viewers": 2185}
