2026-09-22T09:15:23.418Z	info	isupipe-benchmarker	SSL接続が有効になっています
2026-09-22T09:15:23.418Z	info	isupipe-benchmarker	静的ファイルチェックを行います
2026-09-22T09:15:23.418Z	info	isupipe-benchmarker	静的ファイルチェックが完了しました
2026-09-22T09:15:23.418Z	info	isupipe-benchmarker	webappの初期化を行います
2026-09-22T09:15:26.001Z	info	isupipe-benchmarker	ベンチマーク走行前のデータ整合性チェックを行います
2026-09-22T09:15:30.647Z	info	isupipe-benchmarker	整合性チェックが成功しました
2026-09-22T09:15:30.647Z	info	isupipe-benchmarker	ベンチマーク走行を開始します
2026-09-22T09:15:32.655Z	info	isupipe-benchmarker	DNS水責め負荷が上昇します	{"parallelis": 3}
2026-09-22T09:15:34.656Z	info	isupipe-benchmarker	DNS水責め負荷が上昇します	{"parallelis": 4}
2026-09-22T09:15:36.656Z	info	isupipe-benchmarker	DNS水責め負荷が上昇します	{"parallelis": 6}
2026-09-22T09:15:38.656Z	info	isupipe-benchmarker	DNS水責め負荷が上昇します	{"parallelis": 9}
2026-09-22T09:15:40.655Z	info	isupipe-benchmarker	DNS水責め負荷が上昇します	{"parallelis": 13}
2026-09-22T09:15:42.655Z	info	isupipe-benchmarker	DNS水責め負荷が上昇します	{"parallelis": 15}
2026-09-22T09:16:30.647Z	info	isupipe-benchmarker	ベンチマーク走行を停止します
2026-09-22T09:16:30.647Z	warn	isupipe-benchmarker	ライブコメントを配信に投稿できないため、視聴者が離脱します	{"viewer": "itohanako1", "livestream_id": 8681, "error": "ベンチマーク走行が継続できないエラーが発生しました"}
2026-09-22T09:16:30.647Z	warn	isupipe-benchmarker	ライブコメントを配信に投稿できないため、視聴者が離脱します	{"viewer": "hanakonakamura0", "livestream_id": 8749, "error": "ベンチマーク走行が継続できないエラーが発生しました"}
2026-09-22T09:16:30.647Z	warn	isupipe-benchmarker	ライブコメントを配信に投稿できないため、視聴者が離脱します	{"viewer": "hiroshitanaka4", "livestream_id": 8745, "error": "ベンチマーク走行が継続できないエラーが発生しました"}
2026-09-22T09:16:30.647Z	warn	isupipe-benchmarker	ライブコメントを配信に投稿できないため、視聴者が離脱します	{"viewer": "sotaro380", "livestream_id": 8130, "error": "ベンチマーク走行が継続できないエラーが発生しました"}
2026-09-22T09:16:30.647Z	warn	isupipe-benchmarker	ライブコメントを配信に投稿できないため、視聴者が離脱します	{"viewer": "kenichi670", "livestream_id": 8117, "error": "ベンチマーク走行が継続できないエラーが発生しました"}
2026-09-22T09:16:30.648Z	warn	isupipe-benchmarker	ライブコメントを配信に投稿できないため、視聴者が離脱します	{"viewer": "xsasaki1", "livestream_id": 8753, "error": "ベンチマーク走行が継続できないエラーが発生しました"}
2026-09-22T09:16:31.121Z	info	isupipe-benchmarker	ベンチマーク走行終了
2026-09-22T09:16:31.121Z	info	isupipe-benchmarker	最終チェックを実施します
2026-09-22T09:16:31.121Z	info	isupipe-benchmarker	最終チェックが成功しました
2026-09-22T09:16:31.121Z	info	isupipe-benchmarker	重複排除したログを以下に出力します
2026-09-22T09:16:31.124Z	info	isupipe-benchmarker	配信を最後まで視聴できた視聴者数	{"viewers": 1789}
