2026-09-22T10:36:21.508Z	info	isupipe-benchmarker	SSL接続が有効になっています
2026-09-22T10:36:21.508Z	info	isupipe-benchmarker	静的ファイルチェックを行います
2026-09-22T10:36:21.508Z	info	isupipe-benchmarker	静的ファイルチェックが完了しました
2026-09-22T10:36:21.508Z	info	isupipe-benchmarker	webappの初期化を行います
2026-09-22T10:36:24.242Z	info	isupipe-benchmarker	ベンチマーク走行前のデータ整合性チェックを行います
2026-09-22T10:36:28.584Z	info	isupipe-benchmarker	整合性チェックが成功しました
2026-09-22T10:36:28.584Z	info	isupipe-benchmarker	ベンチマーク走行を開始します
2026-09-22T10:36:30.593Z	info	isupipe-benchmarker	DNS水責め負荷が上昇します	{"parallelis": 3}
2026-09-22T10:36:32.593Z	info	isupipe-benchmarker	DNS水責め負荷が上昇します	{"parallelis": 4}
2026-09-22T10:36:34.593Z	info	isupipe-benchmarker	DNS水責め負荷が上昇します	{"parallelis": 6}
2026-09-22T10:36:36.593Z	info	isupipe-benchmarker	DNS水責め負荷が上昇します	{"parallelis": 9}
2026-09-22T10:36:38.593Z	info	isupipe-benchmarker	DNS水責め負荷が上昇します	{"parallelis": 13}
2026-09-22T10:36:40.593Z	info	isupipe-benchmarker	DNS水責め負荷が上昇します	{"parallelis": 15}
2026-09-22T10:37:28.585Z	info	isupipe-benchmarker	ベンチマーク走行を停止します
2026-09-22T10:37:28.587Z	warn	isupipe-benchmarker	ライブコメントを配信に投稿できないため、視聴者が離脱します	{"viewer": "xsaito0", "livestream_id": 8361, "error": "ベンチマーク走行が継続できないエラーが発生しました"}
2026-09-22T10:37:28.587Z	warn	isupipe-benchmarker	ライブコメントを配信に投稿できないため、視聴者が離脱します	{"viewer": "knakamura0", "livestream_id": 7953, "error": "ベンチマーク走行が継続できないエラーが発生しました"}
2026-09-22T10:37:28.588Z	warn	isupipe-benchmarker	ライブコメントを配信に投稿できないため、視聴者が離脱します	{"viewer": "yamamotoyoko0", "livestream_id": 7938, "error": "ベンチマーク走行が継続できないエラーが発生しました"}
2026-09-22T10:37:28.588Z	warn	isupipe-benchmarker	ライブコメントを配信に投稿できないため、視聴者が離脱します	{"viewer": "nakagawamikako0", "livestream_id": 8329, "error": "ベンチマーク走行が継続できないエラーが発生しました"}
2026-09-22T10:37:28.588Z	warn	isupipe-benchmarker	ライブコメントを配信に投稿できないため、視聴者が離脱します	{"viewer": "atsushiito2", "livestream_id": 7585, "error": "ベンチマーク走行が継続できないエラーが発生しました"}
2026-09-22T10:37:29.002Z	info	isupipe-benchmarker	ベンチマーク走行終了
2026-09-22T10:37:29.003Z	info	isupipe-benchmarker	最終チェックを実施します
2026-09-22T10:37:29.003Z	info	isupipe-benchmarker	最終チェックが成功しました
2026-09-22T10:37:29.003Z	info	isupipe-benchmarker	重複排除したログを以下に出力します
2026-09-22T10:37:29.007Z	info	isupipe-benchmarker	配信を最後まで視聴できた視聴者数	{"viewers": 2485}
