2026-09-22T09:23:57.806Z	info	isupipe-benchmarker	SSL接続が有効になっています
2026-09-22T09:23:57.806Z	info	isupipe-benchmarker	静的ファイルチェックを行います
2026-09-22T09:23:57.806Z	info	isupipe-benchmarker	静的ファイルチェックが完了しました
2026-09-22T09:23:57.806Z	info	isupipe-benchmarker	webappの初期化を行います
2026-09-22T09:24:00.351Z	info	isupipe-benchmarker	ベンチマーク走行前のデータ整合性チェックを行います
2026-09-22T09:24:04.755Z	info	isupipe-benchmarker	整合性チェックが成功しました
2026-09-22T09:24:04.755Z	info	isupipe-benchmarker	ベンチマーク走行を開始します
2026-09-22T09:24:06.768Z	info	isupipe-benchmarker	DNS水責め負荷が上昇します	{"parallelis": 3}
2026-09-22T09:24:08.768Z	info	isupipe-benchmarker	DNS水責め負荷が上昇します	{"parallelis": 4}
2026-09-22T09:24:10.768Z	info	isupipe-benchmarker	DNS水責め負荷が上昇します	{"parallelis": 6}
2026-09-22T09:24:12.768Z	info	isupipe-benchmarker	DNS水責め負荷が上昇します	{"parallelis": 9}
2026-09-22T09:24:14.768Z	info	isupipe-benchmarker	DNS水責め負荷が上昇します	{"parallelis": 13}
2026-09-22T09:24:16.768Z	info	isupipe-benchmarker	DNS水責め負荷が上昇します	{"parallelis": 15}
2026-09-22T09:25:04.755Z	info	isupipe-benchmarker	ベンチマーク走行を停止します
2026-09-22T09:25:04.756Z	warn	isupipe-benchmarker	ライブコメントを配信に投稿できないため、視聴者が離脱します	{"viewer": "kenichisato4", "livestream_id": 8348, "error": "ベンチマーク走行が継続できないエラーが発生しました"}
2026-09-22T09:25:04.756Z	warn	isupipe-benchmarker	ライブコメントを配信に投稿できないため、視聴者が離脱します	{"viewer": "kaori890", "livestream_id": 8892, "error": "ベンチマーク走行が継続できないエラーが発生しました"}
2026-09-22T09:25:04.756Z	warn	isupipe-benchmarker	ライブコメントを配信に投稿できないため、視聴者が離脱します	{"viewer": "watanabetomoya0", "livestream_id": 8876, "error": "ベンチマーク走行が継続できないエラーが発生しました"}
2026-09-22T09:25:04.756Z	warn	isupipe-benchmarker	ライブコメントを配信に投稿できないため、視聴者が離脱します	{"viewer": "ryamamoto1", "livestream_id": 8349, "error": "ベンチマーク走行が継続できないエラーが発生しました"}
2026-09-22T09:25:04.757Z	warn	isupipe-benchmarker	ライブコメントを配信に投稿できないため、視聴者が離脱します	{"viewer": "hikeda0", "livestream_id": 8884, "error": "ベンチマーク走行が継続できないエラーが発生しました"}
2026-09-22T09:25:04.757Z	warn	isupipe-benchmarker	ライブコメントを配信に投稿できないため、視聴者が離脱します	{"viewer": "hnakamura2", "livestream_id": 8880, "error": "ベンチマーク走行が継続できないエラーが発生しました"}
2026-09-22T09:25:05.246Z	info	isupipe-benchmarker	ベンチマーク走行終了
2026-09-22T09:25:05.246Z	info	isupipe-benchmarker	最終チェックを実施します
2026-09-22T09:25:05.246Z	info	isupipe-benchmarker	最終チェックが成功しました
2026-09-22T09:25:05.246Z	info	isupipe-benchmarker	重複排除したログを以下に出力します
2026-09-22T09:25:05.249Z	info	isupipe-benchmarker	配信を最後まで視聴できた視聴者数	{"viewers": 1883}
