2026-09-22T10:16:50.957Z	info	isupipe-benchmarker	SSL接続が有効になっています
2026-09-22T10:16:50.957Z	info	isupipe-benchmarker	静的ファイルチェックを行います
2026-09-22T10:16:50.957Z	info	isupipe-benchmarker	静的ファイルチェックが完了しました
2026-09-22T10:16:50.957Z	info	isupipe-benchmarker	webappの初期化を行います
2026-09-22T10:16:53.732Z	info	isupipe-benchmarker	ベンチマーク走行前のデータ整合性チェックを行います
2026-09-22T10:16:58.079Z	info	isupipe-benchmarker	整合性チェックが成功しました
2026-09-22T10:16:58.079Z	info	isupipe-benchmarker	ベンチマーク走行を開始します
2026-09-22T10:17:00.089Z	info	isupipe-benchmarker	DNS水責め負荷が上昇します	{"parallelis": 3}
2026-09-22T10:17:02.088Z	info	isupipe-benchmarker	DNS水責め負荷が上昇します	{"parallelis": 4}
2026-09-22T10:17:04.089Z	info	isupipe-benchmarker	DNS水責め負荷が上昇します	{"parallelis": 6}
2026-09-22T10:17:06.088Z	info	isupipe-benchmarker	DNS水責め負荷が上昇します	{"parallelis": 9}
2026-09-22T10:17:08.088Z	info	isupipe-benchmarker	DNS水責め負荷が上昇します	{"parallelis": 13}
2026-09-22T10:17:10.088Z	info	isupipe-benchmarker	DNS水責め負荷が上昇します	{"parallelis": 15}
2026-09-22T10:17:58.080Z	info	isupipe-benchmarker	ベンチマーク走行を停止します
2026-09-22T10:17:58.081Z	warn	isupipe-benchmarker	ライブコメントを配信に投稿できないため、視聴者が離脱します	{"viewer": "etakahashi3", "livestream_id": 7918, "error": "ベンチマーク走行が継続できないエラーが発生しました"}
2026-09-22T10:17:58.081Z	warn	isupipe-benchmarker	ライブコメントを配信に投稿できないため、視聴者が離脱します	{"viewer": "satomi450", "livestream_id": 8813, "error": "ベンチマーク走行が継続できないエラーが発生しました"}
2026-09-22T10:17:58.082Z	warn	isupipe-benchmarker	ライブコメントを配信に投稿できないため、視聴者が離脱します	{"viewer": "mogawa0", "livestream_id": 8880, "error": "ベンチマーク走行が継続できないエラーが発生しました"}
2026-09-22T10:17:58.082Z	warn	isupipe-benchmarker	ライブコメントを配信に投稿できないため、視聴者が離脱します	{"viewer": "sayuri460", "livestream_id": 8287, "error": "ベンチマーク走行が継続できないエラーが発生しました"}
2026-09-22T10:17:58.082Z	warn	isupipe-benchmarker	ライブコメントを配信に投稿できないため、視聴者が離脱します	{"viewer": "bkondo0", "livestream_id": 8886, "error": "ベンチマーク走行が継続できないエラーが発生しました"}
2026-09-22T10:17:58.437Z	info	isupipe-benchmarker	ベンチマーク走行終了
2026-09-22T10:17:58.437Z	info	isupipe-benchmarker	最終チェックを実施します
2026-09-22T10:17:58.437Z	info	isupipe-benchmarker	最終チェックが成功しました
2026-09-22T10:17:58.437Z	info	isupipe-benchmarker	重複排除したログを以下に出力します
2026-09-22T10:17:58.444Z	info	isupipe-benchmarker	配信を最後まで視聴できた視聴者数	{"viewers": 2561}
