2026-09-22T10:48:50.603Z	info	isupipe-benchmarker	SSL接続が有効になっています
2026-09-22T10:48:50.603Z	info	isupipe-benchmarker	静的ファイルチェックを行います
2026-09-22T10:48:50.603Z	info	isupipe-benchmarker	静的ファイルチェックが完了しました
2026-09-22T10:48:50.603Z	info	isupipe-benchmarker	webappの初期化を行います
2026-09-22T10:48:53.411Z	info	isupipe-benchmarker	ベンチマーク走行前のデータ整合性チェックを行います
2026-09-22T10:48:57.759Z	info	isupipe-benchmarker	整合性チェックが成功しました
2026-09-22T10:48:57.759Z	info	isupipe-benchmarker	ベンチマーク走行を開始します
2026-09-22T10:48:59.770Z	info	isupipe-benchmarker	DNS水責め負荷が上昇します	{"parallelis": 3}
2026-09-22T10:49:01.770Z	info	isupipe-benchmarker	DNS水責め負荷が上昇します	{"parallelis": 4}
2026-09-22T10:49:03.770Z	info	isupipe-benchmarker	DNS水責め負荷が上昇します	{"parallelis": 6}
2026-09-22T10:49:05.770Z	info	isupipe-benchmarker	DNS水責め負荷が上昇します	{"parallelis": 9}
2026-09-22T10:49:07.770Z	info	isupipe-benchmarker	DNS水責め負荷が上昇します	{"parallelis": 13}
2026-09-22T10:49:09.770Z	info	isupipe-benchmarker	DNS水責め負荷が上昇します	{"parallelis": 15}
2026-09-22T10:49:57.760Z	info	isupipe-benchmarker	ベンチマーク走行を停止します
2026-09-22T10:49:57.760Z	warn	isupipe-benchmarker	ライブコメントを配信に投稿できないため、視聴者が離脱します	{"viewer": "yasuhiro540", "livestream_id": 7597, "error": "ベンチマーク走行が継続できないエラーが発生しました"}
2026-09-22T10:49:57.760Z	warn	isupipe-benchmarker	ライブコメントを配信に投稿できないため、視聴者が離脱します	{"viewer": "rika951", "livestream_id": 8631, "error": "ベンチマーク走行が継続できないエラーが発生しました"}
2026-09-22T10:49:57.761Z	warn	isupipe-benchmarker	ライブコメントを配信に投稿できないため、視聴者が離脱します	{"viewer": "naokotakahashi0", "livestream_id": 7737, "error": "ベンチマーク走行が継続できないエラーが発生しました"}
2026-09-22T10:49:57.761Z	warn	isupipe-benchmarker	ライブコメントを配信に投稿できないため、視聴者が離脱します	{"viewer": "asuka980", "livestream_id": 8121, "error": "ベンチマーク走行が継続できないエラーが発生しました"}
2026-09-22T10:49:57.761Z	warn	isupipe-benchmarker	ライブコメントを配信に投稿できないため、視聴者が離脱します	{"viewer": "kondomaaya0", "livestream_id": 8634, "error": "ベンチマーク走行が継続できないエラーが発生しました"}
2026-09-22T10:49:58.128Z	info	isupipe-benchmarker	ベンチマーク走行終了
2026-09-22T10:49:58.128Z	info	isupipe-benchmarker	最終チェックを実施します
2026-09-22T10:49:58.128Z	info	isupipe-benchmarker	最終チェックが成功しました
2026-09-22T10:49:58.128Z	info	isupipe-benchmarker	重複排除したログを以下に出力します
2026-09-22T10:49:58.134Z	info	isupipe-benchmarker	配信を最後まで視聴できた視聴者数	{"viewers": 3332}
