2026-09-22T11:20:55.121Z	info	isupipe-benchmarker	SSL接続が有効になっています
2026-09-22T11:20:55.121Z	info	isupipe-benchmarker	静的ファイルチェックを行います
2026-09-22T11:20:55.121Z	info	isupipe-benchmarker	静的ファイルチェックが完了しました
2026-09-22T11:20:55.121Z	info	isupipe-benchmarker	webappの初期化を行います
2026-09-22T11:20:57.871Z	info	isupipe-benchmarker	ベンチマーク走行前のデータ整合性チェックを行います
2026-09-22T11:21:02.204Z	info	isupipe-benchmarker	整合性チェックが成功しました
2026-09-22T11:21:02.205Z	info	isupipe-benchmarker	ベンチマーク走行を開始します
2026-09-22T11:21:04.214Z	info	isupipe-benchmarker	DNS水責め負荷が上昇します	{"parallelis": 3}
2026-09-22T11:21:06.214Z	info	isupipe-benchmarker	DNS水責め負荷が上昇します	{"parallelis": 4}
2026-09-22T11:21:08.214Z	info	isupipe-benchmarker	DNS水責め負荷が上昇します	{"parallelis": 6}
2026-09-22T11:21:10.214Z	info	isupipe-benchmarker	DNS水責め負荷が上昇します	{"parallelis": 9}
2026-09-22T11:21:12.214Z	info	isupipe-benchmarker	DNS水責め負荷が上昇します	{"parallelis": 13}
2026-09-22T11:21:14.214Z	info	isupipe-benchmarker	DNS水責め負荷が上昇します	{"parallelis": 15}
2026-09-22T11:22:02.205Z	info	isupipe-benchmarker	ベンチマーク走行を停止します
2026-09-22T11:22:02.206Z	warn	isupipe-benchmarker	ライブコメントを配信に投稿できないため、視聴者が離脱します	{"viewer": "yasuhirosaito0", "livestream_id": 7544, "error": "ベンチマーク走行が継続できないエラーが発生しました"}
2026-09-22T11:22:02.206Z	warn	isupipe-benchmarker	ライブコメントを配信に投稿できないため、視聴者が離脱します	{"viewer": "whasegawa0", "livestream_id": 7929, "error": "ベンチマーク走行が継続できないエラーが発生しました"}
2026-09-22T11:22:02.206Z	warn	isupipe-benchmarker	ライブコメントを配信に投稿できないため、視聴者が離脱します	{"viewer": "yamadaatsushi1", "livestream_id": 8701, "error": "ベンチマーク走行が継続できないエラーが発生しました"}
2026-09-22T11:22:02.206Z	warn	isupipe-benchmarker	ライブコメントを配信に投稿できないため、視聴者が離脱します	{"viewer": "yamazakimanabu1", "livestream_id": 7938, "error": "ベンチマーク走行が継続できないエラーが発生しました"}
2026-09-22T11:22:02.206Z	warn	isupipe-benchmarker	ライブコメントを配信に投稿できないため、視聴者が離脱します	{"viewer": "kaorisaito0", "livestream_id": 8680, "error": "ベンチマーク走行が継続できないエラーが発生しました"}
2026-09-22T11:22:02.616Z	info	isupipe-benchmarker	ベンチマーク走行終了
2026-09-22T11:22:02.616Z	info	isupipe-benchmarker	最終チェックを実施します
2026-09-22T11:22:02.616Z	info	isupipe-benchmarker	最終チェックが成功しました
2026-09-22T11:22:02.616Z	info	isupipe-benchmarker	重複排除したログを以下に出力します
2026-09-22T11:22:02.623Z	info	isupipe-benchmarker	配信を最後まで視聴できた視聴者数	{"viewers": 3326}
