2026-09-22T09:35:35.640Z	info	isupipe-benchmarker	SSL接続が有効になっています
2026-09-22T09:35:35.640Z	info	isupipe-benchmarker	静的ファイルチェックを行います
2026-09-22T09:35:35.640Z	info	isupipe-benchmarker	静的ファイルチェックが完了しました
2026-09-22T09:35:35.640Z	info	isupipe-benchmarker	webappの初期化を行います
2026-09-22T09:35:38.299Z	info	isupipe-benchmarker	ベンチマーク走行前のデータ整合性チェックを行います
2026-09-22T09:35:42.705Z	info	isupipe-benchmarker	整合性チェックが成功しました
2026-09-22T09:35:42.705Z	info	isupipe-benchmarker	ベンチマーク走行を開始します
2026-09-22T09:35:44.714Z	info	isupipe-benchmarker	DNS水責め負荷が上昇します	{"parallelis": 3}
2026-09-22T09:35:46.715Z	info	isupipe-benchmarker	DNS水責め負荷が上昇します	{"parallelis": 4}
2026-09-22T09:35:48.714Z	info	isupipe-benchmarker	DNS水責め負荷が上昇します	{"parallelis": 6}
2026-09-22T09:35:50.715Z	info	isupipe-benchmarker	DNS水責め負荷が上昇します	{"parallelis": 9}
2026-09-22T09:35:52.714Z	info	isupipe-benchmarker	DNS水責め負荷が上昇します	{"parallelis": 13}
2026-09-22T09:35:54.714Z	info	isupipe-benchmarker	DNS水責め負荷が上昇します	{"parallelis": 15}
2026-09-22T09:36:42.705Z	info	isupipe-benchmarker	ベンチマーク走行を停止します
2026-09-22T09:36:42.706Z	warn	isupipe-benchmarker	ライブコメントを配信に投稿できないため、視聴者が離脱します	{"viewer": "nhayashi1", "livestream_id": 8667, "error": "ベンチマーク走行が継続できないエラーが発生しました"}
2026-09-22T09:36:42.706Z	warn	isupipe-benchmarker	ライブコメントを配信に投稿できないため、視聴者が離脱します	{"viewer": "satoryosuke1", "livestream_id": 7541, "error": "ベンチマーク走行が継続できないエラーが発生しました"}
2026-09-22T09:36:42.706Z	warn	isupipe-benchmarker	ライブコメントを配信に投稿できないため、視聴者が離脱します	{"viewer": "mmiura1", "livestream_id": 7854, "error": "ベンチマーク走行が継続できないエラーが発生しました"}
2026-09-22T09:36:42.706Z	warn	isupipe-benchmarker	ライブコメントを配信に投稿できないため、視聴者が離脱します	{"viewer": "fyamada3", "livestream_id": 8145, "error": "ベンチマーク走行が継続できないエラーが発生しました"}
2026-09-22T09:36:42.706Z	warn	isupipe-benchmarker	ライブコメントを配信に投稿できないため、視聴者が離脱します	{"viewer": "dsasaki1", "livestream_id": 8636, "error": "ベンチマーク走行が継続できないエラーが発生しました"}
2026-09-22T09:36:42.707Z	warn	isupipe-benchmarker	ライブコメントを配信に投稿できないため、視聴者が離脱します	{"viewer": "nnakamura1", "livestream_id": 7615, "error": "ベンチマーク走行が継続できないエラーが発生しました"}
2026-09-22T09:36:42.707Z	warn	isupipe-benchmarker	ライブコメントを配信に投稿できないため、視聴者が離脱します	{"viewer": "ishiitaichi0", "livestream_id": 8138, "error": "ベンチマーク走行が継続できないエラーが発生しました"}
2026-09-22T09:36:43.125Z	info	isupipe-benchmarker	ベンチマーク走行終了
2026-09-22T09:36:43.125Z	info	isupipe-benchmarker	最終チェックを実施します
2026-09-22T09:36:43.126Z	info	isupipe-benchmarker	最終チェックが成功しました
2026-09-22T09:36:43.126Z	info	isupipe-benchmarker	重複排除したログを以下に出力します
2026-09-22T09:36:43.130Z	info	isupipe-benchmarker	配信を最後まで視聴できた視聴者数	{"viewers": 2187}
