2026-09-22T10:09:47.499Z	info	isupipe-benchmarker	SSL接続が有効になっています
2026-09-22T10:09:47.499Z	info	isupipe-benchmarker	静的ファイルチェックを行います
2026-09-22T10:09:47.499Z	info	isupipe-benchmarker	静的ファイルチェックが完了しました
2026-09-22T10:09:47.499Z	info	isupipe-benchmarker	webappの初期化を行います
2026-09-22T10:09:50.209Z	info	isupipe-benchmarker	ベンチマーク走行前のデータ整合性チェックを行います
2026-09-22T10:09:54.569Z	info	isupipe-benchmarker	整合性チェックが成功しました
2026-09-22T10:09:54.570Z	info	isupipe-benchmarker	ベンチマーク走行を開始します
2026-09-22T10:09:56.580Z	info	isupipe-benchmarker	DNS水責め負荷が上昇します	{"parallelis": 3}
2026-09-22T10:09:58.580Z	info	isupipe-benchmarker	DNS水責め負荷が上昇します	{"parallelis": 4}
2026-09-22T10:10:00.580Z	info	isupipe-benchmarker	DNS水責め負荷が上昇します	{"parallelis": 6}
2026-09-22T10:10:02.580Z	info	isupipe-benchmarker	DNS水責め負荷が上昇します	{"parallelis": 9}
2026-09-22T10:10:04.580Z	info	isupipe-benchmarker	DNS水責め負荷が上昇します	{"parallelis": 13}
2026-09-22T10:10:06.580Z	info	isupipe-benchmarker	DNS水責め負荷が上昇します	{"parallelis": 15}
2026-09-22T10:10:54.570Z	info	isupipe-benchmarker	ベンチマーク走行を停止します
2026-09-22T10:10:54.572Z	warn	isupipe-benchmarker	ライブコメントを配信に投稿できないため、視聴者が離脱します	{"viewer": "matsudakana1", "livestream_id": 8147, "error": "ベンチマーク走行が継続できないエラーが発生しました"}
2026-09-22T10:10:54.572Z	warn	isupipe-benchmarker	ライブコメントを配信に投稿できないため、視聴者が離脱します	{"viewer": "yukisakamoto0", "livestream_id": 8689, "error": "ベンチマーク走行が継続できないエラーが発生しました"}
2026-09-22T10:10:54.572Z	warn	isupipe-benchmarker	ライブコメントを配信に投稿できないため、視聴者が離脱します	{"viewer": "yosuke670", "livestream_id": 7829, "error": "ベンチマーク走行が継続できないエラーが発生しました"}
2026-09-22T10:10:54.572Z	warn	isupipe-benchmarker	ライブコメントを配信に投稿できないため、視聴者が離脱します	{"viewer": "hideki400", "livestream_id": 8681, "error": "ベンチマーク走行が継続できないエラーが発生しました"}
2026-09-22T10:10:55.017Z	info	isupipe-benchmarker	ベンチマーク走行終了
2026-09-22T10:10:55.017Z	info	isupipe-benchmarker	最終チェックを実施します
2026-09-22T10:10:55.017Z	info	isupipe-benchmarker	最終チェックが成功しました
2026-09-22T10:10:55.017Z	info	isupipe-benchmarker	重複排除したログを以下に出力します
2026-09-22T10:10:55.022Z	info	isupipe-benchmarker	配信を最後まで視聴できた視聴者数	{"viewers": 2146}
